../Radio/rtc-board.c:193:6:RtcInit	40	static
../Radio/rtc-board.c:234:6:RtcSetTimeout	16	static
../Radio/rtc-board.c:239:13:RtcGetAdjustedTimeoutValue	16	static
../Radio/rtc-board.c:265:13:RtcGetTimerValue	8	static
../Radio/rtc-board.c:270:13:RtcGetElapsedAlarmTime	16	static
../Radio/rtc-board.c:288:13:RtcComputeFutureEventTime	16	static
../Radio/rtc-board.c:293:13:RtcComputeElapsedTime	24	static
../Radio/rtc-board.c:315:6:BlockLowPowerDuringTask	16	static
../Radio/rtc-board.c:324:6:RtcEnterLowPowerStopMode	4	static
../Radio/rtc-board.c:346:6:RtcRecoverMcuStatus	8	static
../Radio/rtc-board.c:365:13:RtcComputeWakeUpTime	88	static
../Radio/rtc-board.c:386:13:RtcStartWakeUpAlarm	160	static
../Radio/rtc-board.c:420:22:RtcComputeTimerTimeToAlarmTick	88	static
../Radio/rtc-board.c:529:15:RtcConvertTimerTimeToCalendarTick	80	static
../Radio/rtc-board.c:628:20:RtcConvertCalendarTickToTimerTime	72	static
../Radio/rtc-board.c:685:13:RtcCheckCalendarRollOver	16	static
../Radio/rtc-board.c:699:22:RtcGetCalendar	56	static
../Radio/rtc-board.c:712:6:RTC_Alarm_IRQHandler	8	static
../Radio/rtc-board.c:723:6:RtcGetTimeStr	56	static
