../Radio/timer.c:73:6:TimerInit	16	static
../Radio/timer.c:82:6:TimerStart	24	static,ignoring_inline_asm
../Radio/timer.c:130:13:TimerInsertTimer	32	static
../Radio/timer.c:184:13:TimerInsertNewHeadTimer	24	static
../Radio/timer.c:200:6:TimerIrqHandler	16	static
../Radio/timer.c:239:6:TimerStop	32	static,ignoring_inline_asm
../Radio/timer.c:326:13:TimerExists	24	static
../Radio/timer.c:341:6:TimerReset	16	static
../Radio/timer.c:347:6:TimerSetValue	16	static
../Radio/timer.c:354:13:TimerGetValue	8	static
../Radio/timer.c:359:13:TimerGetCurrentTime	8	static
../Radio/timer.c:364:13:TimerGetElapsedTime	16	static
../Radio/timer.c:369:13:TimerGetFutureTime	16	static
../Radio/timer.c:374:13:TimerSetTimeout	16	static
../Radio/timer.c:381:6:TimerLowPowerHandler	4	static
