Archive member included to satisfy reference by file (symbol)

c:/st/stm32cubeide_1.11.2/stm32cubeide/plugins/com.st.stm32cube.ide.mcu.externaltools.gnu-tools-for-stm32.10.3-2021.10.win32_1.0.100.202210260954/tools/bin/../lib/gcc/arm-none-eabi/10.3.1/../../../../arm-none-eabi/lib/thumb/v7e-m+fp/hard\libc_nano.a(lib_a-errno.o)
                              ./Core/Src/syscalls.o (__errno)
c:/st/stm32cubeide_1.11.2/stm32cubeide/plugins/com.st.stm32cube.ide.mcu.externaltools.gnu-tools-for-stm32.10.3-2021.10.win32_1.0.100.202210260954/tools/bin/../lib/gcc/arm-none-eabi/10.3.1/../../../../arm-none-eabi/lib/thumb/v7e-m+fp/hard\libc_nano.a(lib_a-exit.o)
                              c:/st/stm32cubeide_1.11.2/stm32cubeide/plugins/com.st.stm32cube.ide.mcu.externaltools.gnu-tools-for-stm32.10.3-2021.10.win32_1.0.100.202210260954/tools/bin/../lib/gcc/arm-none-eabi/10.3.1/../../../../arm-none-eabi/lib/thumb/v7e-m+fp/hard/crt0.o (exit)
c:/st/stm32cubeide_1.11.2/stm32cubeide/plugins/com.st.stm32cube.ide.mcu.externaltools.gnu-tools-for-stm32.10.3-2021.10.win32_1.0.100.202210260954/tools/bin/../lib/gcc/arm-none-eabi/10.3.1/../../../../arm-none-eabi/lib/thumb/v7e-m+fp/hard\libc_nano.a(lib_a-impure.o)
                              c:/st/stm32cubeide_1.11.2/stm32cubeide/plugins/com.st.stm32cube.ide.mcu.externaltools.gnu-tools-for-stm32.10.3-2021.10.win32_1.0.100.202210260954/tools/bin/../lib/gcc/arm-none-eabi/10.3.1/../../../../arm-none-eabi/lib/thumb/v7e-m+fp/hard\libc_nano.a(lib_a-exit.o) (_global_impure_ptr)
c:/st/stm32cubeide_1.11.2/stm32cubeide/plugins/com.st.stm32cube.ide.mcu.externaltools.gnu-tools-for-stm32.10.3-2021.10.win32_1.0.100.202210260954/tools/bin/../lib/gcc/arm-none-eabi/10.3.1/../../../../arm-none-eabi/lib/thumb/v7e-m+fp/hard\libc_nano.a(lib_a-init.o)
                              c:/st/stm32cubeide_1.11.2/stm32cubeide/plugins/com.st.stm32cube.ide.mcu.externaltools.gnu-tools-for-stm32.10.3-2021.10.win32_1.0.100.202210260954/tools/bin/../lib/gcc/arm-none-eabi/10.3.1/../../../../arm-none-eabi/lib/thumb/v7e-m+fp/hard/crt0.o (__libc_init_array)
c:/st/stm32cubeide_1.11.2/stm32cubeide/plugins/com.st.stm32cube.ide.mcu.externaltools.gnu-tools-for-stm32.10.3-2021.10.win32_1.0.100.202210260954/tools/bin/../lib/gcc/arm-none-eabi/10.3.1/../../../../arm-none-eabi/lib/thumb/v7e-m+fp/hard\libc_nano.a(lib_a-memcpy-stub.o)
                              ./Core/Src/app_template.o (memcpy)
c:/st/stm32cubeide_1.11.2/stm32cubeide/plugins/com.st.stm32cube.ide.mcu.externaltools.gnu-tools-for-stm32.10.3-2021.10.win32_1.0.100.202210260954/tools/bin/../lib/gcc/arm-none-eabi/10.3.1/../../../../arm-none-eabi/lib/thumb/v7e-m+fp/hard\libc_nano.a(lib_a-memset.o)
                              c:/st/stm32cubeide_1.11.2/stm32cubeide/plugins/com.st.stm32cube.ide.mcu.externaltools.gnu-tools-for-stm32.10.3-2021.10.win32_1.0.100.202210260954/tools/bin/../lib/gcc/arm-none-eabi/10.3.1/../../../../arm-none-eabi/lib/thumb/v7e-m+fp/hard/crt0.o (memset)
c:/st/stm32cubeide_1.11.2/stm32cubeide/plugins/com.st.stm32cube.ide.mcu.externaltools.gnu-tools-for-stm32.10.3-2021.10.win32_1.0.100.202210260954/tools/bin/../lib/gcc/arm-none-eabi/10.3.1/../../../../arm-none-eabi/lib/thumb/v7e-m+fp/hard\libc_nano.a(lib_a-printf.o)
                              ./Core/Src/app_template.o (printf)
c:/st/stm32cubeide_1.11.2/stm32cubeide/plugins/com.st.stm32cube.ide.mcu.externaltools.gnu-tools-for-stm32.10.3-2021.10.win32_1.0.100.202210260954/tools/bin/../lib/gcc/arm-none-eabi/10.3.1/../../../../arm-none-eabi/lib/thumb/v7e-m+fp/hard\libc_nano.a(lib_a-puts.o)
                              ./Core/Src/app_template.o (puts)
c:/st/stm32cubeide_1.11.2/stm32cubeide/plugins/com.st.stm32cube.ide.mcu.externaltools.gnu-tools-for-stm32.10.3-2021.10.win32_1.0.100.202210260954/tools/bin/../lib/gcc/arm-none-eabi/10.3.1/../../../../arm-none-eabi/lib/thumb/v7e-m+fp/hard\libc_nano.a(lib_a-snprintf.o)
                              ./Core/Src/app_template.o (snprintf)
c:/st/stm32cubeide_1.11.2/stm32cubeide/plugins/com.st.stm32cube.ide.mcu.externaltools.gnu-tools-for-stm32.10.3-2021.10.win32_1.0.100.202210260954/tools/bin/../lib/gcc/arm-none-eabi/10.3.1/../../../../arm-none-eabi/lib/thumb/v7e-m+fp/hard\libc_nano.a(lib_a-sprintf.o)
                              ./Radio/rtc-board.o (sprintf)
c:/st/stm32cubeide_1.11.2/stm32cubeide/plugins/com.st.stm32cube.ide.mcu.externaltools.gnu-tools-for-stm32.10.3-2021.10.win32_1.0.100.202210260954/tools/bin/../lib/gcc/arm-none-eabi/10.3.1/../../../../arm-none-eabi/lib/thumb/v7e-m+fp/hard\libc_nano.a(lib_a-wbuf.o)
                              c:/st/stm32cubeide_1.11.2/stm32cubeide/plugins/com.st.stm32cube.ide.mcu.externaltools.gnu-tools-for-stm32.10.3-2021.10.win32_1.0.100.202210260954/tools/bin/../lib/gcc/arm-none-eabi/10.3.1/../../../../arm-none-eabi/lib/thumb/v7e-m+fp/hard\libc_nano.a(lib_a-puts.o) (__swbuf_r)
[...]
Memory Configuration

Name             Origin             Length             Attributes
RAM              0x0000000020000000 0x0000000000018000 xrw
RAM2             0x0000000010000000 0x0000000000008000 xrw
FLASH            0x0000000008000000 0x0000000000100000 xr
*default*        0x0000000000000000 0xffffffffffffffff

Linker script and memory map

LOAD c:/st/stm32cubeide_1.11.2/stm32cubeide/plugins/com.st.stm32cube.ide.mcu.externaltools.gnu-tools-for-stm32.10.3-2021.10.win32_1.0.100.202210260954/tools/bin/../lib/gcc/arm-none-eabi/10.3.1/thumb/v7e-m+fp/hard/crti.o
LOAD c:/st/stm32cubeide_1.11.2/stm32cubeide/plugins/com.st.stm32cube.ide.mcu.externaltools.gnu-tools-for-stm32.10.3-2021.10.win32_1.0.100.202210260954/tools/bin/../lib/gcc/arm-none-eabi/10.3.1/thumb/v7e-m+fp/hard/crtbegin.o
LOAD c:/st/stm32cubeide_1.11.2/stm32cubeide/plugins/com.st.stm32cube.ide.mcu.externaltools.gnu-tools-for-stm32.10.3-2021.10.win32_1.0.100.202210260954/tools/bin/../lib/gcc/arm-none-eabi/10.3.1/../../../../arm-none-eabi/lib/thumb/v7e-m+fp/hard/crt0.o
LOAD ./Core/Src/app_template.o
LOAD ./Core/Src/main.o
LOAD ./Core/Src/stm32l4xx_hal_msp.o
LOAD ./Core/Src/stm32l4xx_it.o
LOAD ./Core/Src/syscalls.o
LOAD ./Core/Src/sysmem.o
LOAD ./Core/Src/system_stm32l4xx.o
LOAD ./Core/Startup/startup_stm32l476rgtx.o
LOAD ./Drivers/STM32L4xx_HAL_Driver/Src/stm32l4xx_hal.o
LOAD ./Drivers/STM32L4xx_HAL_Driver/Src/stm32l4xx_hal_cortex.o
LOAD ./Drivers/STM32L4xx_HAL_Driver/Src/stm32l4xx_hal_dma.o
LOAD ./Drivers/STM32L4xx_HAL_Driver/Src/stm32l4xx_hal_dma_ex.o
LOAD ./Drivers/STM32L4xx_HAL_Driver/Src/stm32l4xx_hal_exti.o
LOAD ./Drivers/STM32L4xx_HAL_Driver/Src/stm32l4xx_hal_flash.o
LOAD ./Drivers/STM32L4xx_HAL_Driver/Src/stm32l4xx_hal_flash_ex.o
LOAD ./Drivers/STM32L4xx_HAL_Driver/Src/stm32l4xx_hal_flash_ramfunc.o
LOAD ./Drivers/STM32L4xx_HAL_Driver/Src/stm32l4xx_hal_gpio.o
LOAD ./Drivers/STM32L4xx_HAL_Driver/Src/stm32l4xx_hal_i2c.o
LOAD ./Drivers/STM32L4xx_HAL_Driver/Src/stm32l4xx_hal_i2c_ex.o
LOAD ./Drivers/STM32L4xx_HAL_Driver/Src/stm32l4xx_hal_pwr.o
LOAD ./Drivers/STM32L4xx_HAL_Driver/Src/stm32l4xx_hal_pwr_ex.o
LOAD ./Drivers/STM32L4xx_HAL_Driver/Src/stm32l4xx_hal_rcc.o
LOAD ./Drivers/STM32L4xx_HAL_Driver/Src/stm32l4xx_hal_rcc_ex.o
LOAD ./Drivers/STM32L4xx_HAL_Driver/Src/stm32l4xx_hal_rtc.o
LOAD ./Drivers/STM32L4xx_HAL_Driver/Src/stm32l4xx_hal_rtc_ex.o
LOAD ./Drivers/STM32L4xx_HAL_Driver/Src/stm32l4xx_hal_spi.o
LOAD ./Drivers/STM32L4xx_HAL_Driver/Src/stm32l4xx_hal_spi_ex.o
LOAD ./Drivers/STM32L4xx_HAL_Driver/Src/stm32l4xx_hal_tim.o
LOAD ./Drivers/STM32L4xx_HAL_Driver/Src/stm32l4xx_hal_tim_ex.o
LOAD ./Drivers/STM32L4xx_HAL_Driver/Src/stm32l4xx_hal_uart.o
LOAD ./Drivers/STM32L4xx_HAL_Driver/Src/stm32l4xx_hal_uart_ex.o
LOAD ./Radio/board.o
LOAD ./Radio/delay.o
LOAD ./Radio/gpio-board.o
LOAD ./Radio/gpio.o
LOAD ./Radio/rtc-board.o
LOAD ./Radio/spi-board.o
LOAD ./Radio/sx1276-board.o
LOAD ./Radio/timer.o
LOAD ./Radio/utilities.o
LOAD ./Radio/sx1276/sx1276.o
START GROUP
LOAD c:/st/stm32cubeide_1.11.2/stm32cubeide/plugins/com.st.stm32cube.ide.mcu.externaltools.gnu-tools-for-stm32.10.3-2021.10.win32_1.0.100.202210260954/tools/bin/../lib/gcc/arm-none-eabi/10.3.1/../../../../arm-none-eabi/lib/thumb/v7e-m+fp/hard\libc_nano.a
LOAD c:/st/stm32cubeide_1.11.2/stm32cubeide/plugins/com.st.stm32cube.ide.mcu.externaltools.gnu-tools-for-stm32.10.3-2021.10.win32_1.0.100.202210260954/tools/bin/../lib/gcc/arm-none-eabi/10.3.1/../../../../arm-none-eabi/lib/thumb/v7e-m+fp/hard\libm.a
END GROUP
START GROUP
LOAD c:/st/stm32cubeide_1.11.2/stm32cubeide/plugins/com.st.stm32cube.ide.mcu.externaltools.gnu-tools-for-stm32.10.3-2021.10.win32_1.0.100.202210260954/tools/bin/../lib/gcc/arm-none-eabi/10.3.1/thumb/v7e-m+fp/hard\libgcc.a
LOAD c:/st/stm32cubeide_1.11.2/stm32cubeide/plugins/com.st.stm32cube.ide.mcu.externaltools.gnu-tools-for-stm32.10.3-2021.10.win32_1.0.100.202210260954/tools/bin/../lib/gcc/arm-none-eabi/10.3.1/../../../../arm-none-eabi/lib/thumb/v7e-m+fp/hard\libc_nano.a
END GROUP
START GROUP
LOAD c:/st/stm32cubeide_1.11.2/stm32cubeide/plugins/com.st.stm32cube.ide.mcu.externaltools.gnu-tools-for-stm32.10.3-2021.10.win32_1.0.100.202210260954/tools/bin/../lib/gcc/arm-none-eabi/10.3.1/thumb/v7e-m+fp/hard\libgcc.a
LOAD c:/st/stm32cubeide_1.11.2/stm32cubeide/plugins/com.st.stm32cube.ide.mcu.externaltools.gnu-tools-for-stm32.10.3-2021.10.win32_1.0.100.202210260954/tools/bin/../lib/gcc/arm-none-eabi/10.3.1/../../../../arm-none-eabi/lib/thumb/v7e-m+fp/hard\libc_nano.a
LOAD c:/st/stm32cubeide_1.11.2/stm32cubeide/plugins/com.st.stm32cube.ide.mcu.externaltools.gnu-tools-for-stm32.10.3-2021.10.win32_1.0.100.202210260954/tools/bin/../lib/gcc/arm-none-eabi/10.3.1/../../../../arm-none-eabi/lib/thumb/v7e-m+fp/hard\libnosys.a
END GROUP
START GROUP
LOAD c:/st/stm32cubeide_1.11.2/stm32cubeide/plugins/com.st.stm32cube.ide.mcu.externaltools.gnu-tools-for-stm32.10.3-2021.10.win32_1.0.100.202210260954/tools/bin/../lib/gcc/arm-none-eabi/10.3.1/thumb/v7e-m+fp/hard\libgcc.a
LOAD c:/st/stm32cubeide_1.11.2/stm32cubeide/plugins/com.st.stm32cube.ide.mcu.externaltools.gnu-tools-for-stm32.10.3-2021.10.win32_1.0.100.202210260954/tools/bin/../lib/gcc/arm-none-eabi/10.3.1/../../../../arm-none-eabi/lib/thumb/v7e-m+fp/hard\libc_nano.a
LOAD c:/st/stm32cubeide_1.11.2/stm32cubeide/plugins/com.st.stm32cube.ide.mcu.externaltools.gnu-tools-for-stm32.10.3-2021.10.win32_1.0.100.202210260954/tools/bin/../lib/gcc/arm-none-eabi/10.3.1/../../../../arm-none-eabi/lib/thumb/v7e-m+fp/hard\libnosys.a
END GROUP
LOAD c:/st/stm32cubeide_1.11.2/stm32cubeide/plugins/com.st.stm32cube.ide.mcu.externaltools.gnu-tools-for-stm32.10.3-2021.10.win32_1.0.100.202210260954/tools/bin/../lib/gcc/arm-none-eabi/10.3.1/thumb/v7e-m+fp/hard/crtend.o
LOAD c:/st/stm32cubeide_1.11.2/stm32cubeide/plugins/com.st.stm32cube.ide.mcu.externaltools.gnu-tools-for-stm32.10.3-2021.10.win32_1.0.100.202210260954/tools/bin/../lib/gcc/arm-none-eabi/10.3.1/thumb/v7e-m+fp/hard/crtn.o
                0x0000000020018000                _estack = (ORIGIN (RAM) + LENGTH (RAM))
                0x0000000000000200                _Min_Heap_Size = 0x200
                0x0000000000000400                _Min_Stack_Size = 0x400

.isr_vector     0x0000000008000000      0x188
                0x0000000008000000                . = ALIGN (0x4)
 *(.isr_vector)
 .isr_vector    0x0000000008000000      0x188 ./Core/Startup/startup_stm32l476rgtx.o
                0x0000000008000000                g_pfnVectors
                0x0000000008000188                . = ALIGN (0x4)

.text           0x0000000008000190     0xaa74
                0x0000000008000190                . = ALIGN (0x4)
 *(.text)
 .text          0x0000000008000190       0x40 c:/st/stm32cubeide_1.11.2/stm32cubeide/plugins/com.st.stm32cube.ide.mcu.externaltools.gnu-tools-for-stm32.10.3-2021.10.win32_1.0.100.202210260954/tools/bin/../lib/gcc/arm-none-eabi/10.3.1/thumb/v7e-m+fp/hard/crtbegin.o
 .text          0x00000000080001d0       0xa0 c:/st/stm32cubeide_1.11.2/stm32cubeide/plugins/com.st.stm32cube.ide.mcu.externaltools.gnu-tools-for-stm32.10.3-2021.10.win32_1.0.100.202210260954/tools/bin/../lib/gcc/arm-none-eabi/10.3.1/../../../../arm-none-eabi/lib/thumb/v7e-m+fp/hard\libc_nano.a(lib_a-memchr.o)
                0x00000000080001d0                memchr
 .text          0x0000000008000270      0x378 c:/st/stm32cubeide_1.11.2/stm32cubeide/plugins/com.st.stm32cube.ide.mcu.externaltools.gnu-tools-for-stm32.10.3-2021.10.win32_1.0.100.202210260954/tools/bin/../lib/gcc/arm-none-eabi/10.3.1/thumb/v7e-m+fp/hard\libgcc.a(_arm_addsubdf3.o)
                0x0000000008000270                __aeabi_drsub
                0x0000000008000278                __aeabi_dsub
                0x0000000008000278                __subdf3
                0x000000000800027c                __aeabi_dadd
                0x000000000800027c                __adddf3
                0x00000000080004f4                __floatunsidf
                0x00000000080004f4                __aeabi_ui2d
                0x0000000008000514                __floatsidf
                0x0000000008000514                __aeabi_i2d
                0x0000000008000538                __aeabi_f2d
                0x0000000008000538                __extendsfdf2
                0x000000000800057c                __floatundidf
                0x000000000800057c                __aeabi_ul2d
                0x000000000800058c                __floatdidf
                0x000000000800058c                __aeabi_l2d
 .text          0x00000000080005e8      0x424 c:/st/stm32cubeide_1.11.2/stm32cubeide/plugins/com.st.stm32cube.ide.mcu.externaltools.gnu-tools-for-stm32.10.3-2021.10.win32_1.0.100.202210260954/tools/bin/../lib/gcc/arm-none-eabi/10.3.1/thumb/v7e-m+fp/hard\libgcc.a(_arm_muldivdf3.o)
                0x00000000080005e8                __aeabi_dmul
                0x00000000080005e8                __muldf3
                0x000000000800083c                __divdf3
                0x000000000800083c                __aeabi_ddiv
 .text          0x0000000008000a0c      0x110 c:/st/stm32cubeide_1.11.2/stm32cubeide/plugins/com.st.stm32cube.ide.mcu.externaltools.gnu-tools-for-stm32.10.3-2021.10.win32_1.0.100.202210260954/tools/bin/../lib/gcc/arm-none-eabi/10.3.1/thumb/v7e-m+fp/hard\libgcc.a(_arm_cmpdf2.o)
                0x0000000008000a0c                __gtdf2
                0x0000000008000a0c                __gedf2
                0x0000000008000a14                __ltdf2
                0x0000000008000a14                __ledf2
                0x0000000008000a1c                __nedf2
                0x0000000008000a1c                __eqdf2
                0x0000000008000a1c                __cmpdf2
                0x0000000008000a98                __aeabi_cdrcmple
                0x0000000008000aa8                __aeabi_cdcmpeq
                0x0000000008000aa8                __aeabi_cdcmple
                0x0000000008000ab8                __aeabi_dcmpeq
                0x0000000008000acc                __aeabi_dcmplt
                0x0000000008000ae0                __aeabi_dcmple
                0x0000000008000af4                __aeabi_dcmpge
                0x0000000008000b08                __aeabi_dcmpgt
 .text          0x0000000008000b1c       0x50 c:/st/stm32cubeide_1.11.2/stm32cubeide/plugins/com.st.stm32cube.ide.mcu.externaltools.gnu-tools-for-stm32.10.3-2021.10.win32_1.0.100.202210260954/tools/bin/../lib/gcc/arm-none-eabi/10.3.1/thumb/v7e-m+fp/hard\libgcc.a(_arm_fixdfsi.o)
                0x0000000008000b1c                __aeabi_d2iz
                0x0000000008000b1c                __fixdfsi
 .text          0x0000000008000b6c       0x40 c:/st/stm32cubeide_1.11.2/stm32cubeide/plugins/com.st.stm32cube.ide.mcu.externaltools.gnu-tools-for-stm32.10.3-2021.10.win32_1.0.100.202210260954/tools/bin/../lib/gcc/arm-none-eabi/10.3.1/thumb/v7e-m+fp/hard\libgcc.a(_arm_fixunsdfsi.o)
                0x0000000008000b6c                __aeabi_d2uiz
                0x0000000008000b6c                __fixunsdfsi
 .text          0x0000000008000bac       0x30 c:/st/stm32cubeide_1.11.2/stm32cubeide/plugins/com.st.stm32cube.ide.mcu.externaltools.gnu-tools-for-stm32.10.3-2021.10.win32_1.0.100.202210260954/tools/bin/../lib/gcc/arm-none-eabi/10.3.1/thumb/v7e-m+fp/hard\libgcc.a(_aeabi_uldivmod.o)
                0x0000000008000bac                __aeabi_uldivmod
 .text          0x0000000008000bdc      0x2d0 c:/st/stm32cubeide_1.11.2/stm32cubeide/plugins/com.st.stm32cube.ide.mcu.externaltools.gnu-tools-for-stm32.10.3-2021.10.win32_1.0.100.202210260954/tools/bin/../lib/gcc/arm-none-eabi/10.3.1/thumb/v7e-m+fp/hard\libgcc.a(_udivmoddi4.o)
                0x0000000008000bdc                __udivmoddi4
 .text          0x0000000008000eac        0x4 c:/st/stm32cubeide_1.11.2/stm32cubeide/plugins/com.st.stm32cube.ide.mcu.externaltools.gnu-tools-for-stm32.10.3-2021.10.win32_1.0.100.202210260954/tools/bin/../lib/gcc/arm-none-eabi/10.3.1/thumb/v7e-m+fp/hard\libgcc.a(_dvmd_tls.o)
                0x0000000008000eac                __aeabi_idiv0
                0x0000000008000eac                __aeabi_ldiv0
 *(.text*)
 .text.app_main
                0x0000000008000eb0       0xdc ./Core/Src/app_template.o
                0x0000000008000eb0                app_main
 .text.tx_message
                0x0000000008000f8c       0x24 ./Core/Src/app_template.o
                0x0000000008000f8c                tx_message
 .text.OnTxDone
                0x0000000008000fb0       0x2c ./Core/Src/app_template.o
                0x0000000008000fb0                OnTxDone
 .text.OnRxDone
                0x0000000008000fdc       0x6c ./Core/Src/app_template.o
                0x0000000008000fdc                OnRxDone
 .text.OnTxTimeout
                0x0000000008001048       0x2c ./Core/Src/app_template.o
                0x0000000008001048                OnTxTimeout
 .text.OnRxTimeout
                0x0000000008001074       0x28 ./Core/Src/app_template.o
                0x0000000008001074                OnRxTimeout
 .text.OnRxError
                0x000000000800109c       0x2c ./Core/Src/app_template.o
                0x000000000800109c                OnRxError
 .text.line_append
                0x00000000080010c8       0x88 ./Core/Src/main.o
                0x00000000080010c8                line_append
 .text.__io_putchar
                0x0000000008001150       0x24 ./Core/Src/main.o
                0x0000000008001150                __io_putchar
 .text.main     0x0000000008001174       0x44 ./Core/Src/main.o
                0x0000000008001174                main
 .text.SystemClock_Config
                0x00000000080011b8       0xa6 ./Core/Src/main.o
                0x00000000080011b8                SystemClock_Config
 *fill*         0x000000000800125e        0x2 
 .text.MX_RTC_Init
                0x0000000008001260       0x50 ./Core/Src/main.o
 .text.MX_SPI1_Init
                0x00000000080012b0       0x7c ./Core/Src/main.o
 .text.MX_USART2_UART_Init
                0x000000000800132c       0x60 ./Core/Src/main.o
 .text.MX_GPIO_Init
                0x000000000800138c       0xa4 ./Core/Src/main.o
 .text.Error_Handler
                0x0000000008001430        0xa ./Core/Src/main.o
                0x0000000008001430                Error_Handler
 *fill*         0x000000000800143a        0x2 
 .text.HAL_MspInit
                0x000000000800143c       0x48 ./Core/Src/stm32l4xx_hal_msp.o
                0x000000000800143c                HAL_MspInit
 .text.HAL_RTC_MspInit
                0x0000000008001484       0x64 ./Core/Src/stm32l4xx_hal_msp.o
                0x0000000008001484                HAL_RTC_MspInit
 .text.HAL_SPI_MspInit
                0x00000000080014e8       0x84 ./Core/Src/stm32l4xx_hal_msp.o
                0x00000000080014e8                HAL_SPI_MspInit
 .text.HAL_UART_MspInit
                0x000000000800156c       0xb8 ./Core/Src/stm32l4xx_hal_msp.o
                0x000000000800156c                HAL_UART_MspInit
 .text.NMI_Handler
                0x0000000008001624        0x6 ./Core/Src/stm32l4xx_it.o
                0x0000000008001624                NMI_Handler
 .text.HardFault_Handler
                0x000000000800162a        0x6 ./Core/Src/stm32l4xx_it.o
                0x000000000800162a                HardFault_Handler
 .text.MemManage_Handler
                0x0000000008001630        0x6 ./Core/Src/stm32l4xx_it.o
                0x0000000008001630                MemManage_Handler
 .text.BusFault_Handler
                0x0000000008001636        0x6 ./Core/Src/stm32l4xx_it.o
                0x0000000008001636                BusFault_Handler
 .text.UsageFault_Handler
                0x000000000800163c        0x6 ./Core/Src/stm32l4xx_it.o
                0x000000000800163c                UsageFault_Handler
 .text.SVC_Handler
                0x0000000008001642        0xe ./Core/Src/stm32l4xx_it.o
                0x0000000008001642                SVC_Handler
 .text.DebugMon_Handler
                0x0000000008001650        0xe ./Core/Src/stm32l4xx_it.o
                0x0000000008001650                DebugMon_Handler
 .text.PendSV_Handler
                0x000000000800165e        0xe ./Core/Src/stm32l4xx_it.o
                0x000000000800165e                PendSV_Handler
 .text.SysTick_Handler
                0x000000000800166c        0xc ./Core/Src/stm32l4xx_it.o
                0x000000000800166c                SysTick_Handler
 .text._read    0x0000000008001678       0x3a ./Core/Src/syscalls.o
                0x0000000008001678                _read
 .text._write   0x00000000080016b2       0x38 ./Core/Src/syscalls.o
                0x00000000080016b2                _write
 .text._close   0x00000000080016ea       0x18 ./Core/Src/syscalls.o
                0x00000000080016ea                _close
 .text._fstat   0x0000000008001702       0x20 ./Core/Src/syscalls.o
                0x0000000008001702                _fstat
 .text._isatty  0x0000000008001722       0x16 ./Core/Src/syscalls.o
                0x0000000008001722                _isatty
 .text._lseek   0x0000000008001738       0x1a ./Core/Src/syscalls.o
                0x0000000008001738                _lseek
 *fill*         0x0000000008001752        0x2 
 .text._sbrk    0x0000000008001754       0x6c ./Core/Src/sysmem.o
                0x0000000008001754                _sbrk
 .text.SystemInit
                0x00000000080017c0       0x24 ./Core/Src/system_stm32l4xx.o
                0x00000000080017c0                SystemInit
 .text.Reset_Handler
                0x00000000080017e4       0x50 ./Core/Startup/startup_stm32l476rgtx.o
                0x00000000080017e4                Reset_Handler
 .text.Default_Handler
                0x0000000008001834        0x2 ./Core/Startup/startup_stm32l476rgtx.o
                0x0000000008001834                TIM8_TRG_COM_IRQHandler
                0x0000000008001834                TIM8_CC_IRQHandler
                0x0000000008001834                TIM1_CC_IRQHandler
                0x0000000008001834                TSC_IRQHandler
                0x0000000008001834                TAMP_STAMP_IRQHandler
                0x0000000008001834                LPTIM2_IRQHandler
                0x0000000008001834                DFSDM1_FLT1_IRQHandler
                0x0000000008001834                I2C3_ER_IRQHandler
                0x0000000008001834                DFSDM1_FLT2_IRQHandler
                0x0000000008001834                I2C2_EV_IRQHandler
                0x0000000008001834                CAN1_RX0_IRQHandler
                0x0000000008001834                FPU_IRQHandler
                0x0000000008001834                TIM1_UP_TIM16_IRQHandler
                0x0000000008001834                ADC1_2_IRQHandler
                0x0000000008001834                SPI1_IRQHandler
                0x0000000008001834                TIM6_DAC_IRQHandler
                0x0000000008001834                TIM8_UP_IRQHandler
                0x0000000008001834                DMA2_Channel2_IRQHandler
                0x0000000008001834                DMA1_Channel4_IRQHandler
                0x0000000008001834                SAI2_IRQHandler
                0x0000000008001834                DFSDM1_FLT3_IRQHandler
                0x0000000008001834                USART3_IRQHandler
                0x0000000008001834                DMA1_Channel7_IRQHandler
                0x0000000008001834                CAN1_RX1_IRQHandler
                0x0000000008001834                LCD_IRQHandler
                0x0000000008001834                UART5_IRQHandler
                0x0000000008001834                ADC3_IRQHandler
                0x0000000008001834                TIM4_IRQHandler
                0x0000000008001834                DMA2_Channel1_IRQHandler
                0x0000000008001834                QUADSPI_IRQHandler
                0x0000000008001834                I2C1_EV_IRQHandler
                0x0000000008001834                DMA1_Channel6_IRQHandler
                0x0000000008001834                UART4_IRQHandler
                0x0000000008001834                DMA2_Channel4_IRQHandler
                0x0000000008001834                TIM3_IRQHandler
                0x0000000008001834                RCC_IRQHandler
                0x0000000008001834                DMA1_Channel1_IRQHandler
                0x0000000008001834                Default_Handler
                0x0000000008001834                DMA2_Channel7_IRQHandler
                0x0000000008001834                TIM7_IRQHandler
                0x0000000008001834                SDMMC1_IRQHandler
                0x0000000008001834                TIM5_IRQHandler
                0x0000000008001834                I2C3_EV_IRQHandler
                0x0000000008001834                RTC_WKUP_IRQHandler
                0x0000000008001834                PVD_PVM_IRQHandler
                0x0000000008001834                SPI2_IRQHandler
                0x0000000008001834                CAN1_TX_IRQHandler
                0x0000000008001834                DMA2_Channel5_IRQHandler
                0x0000000008001834                DMA1_Channel5_IRQHandler
                0x0000000008001834                RNG_IRQHandler
                0x0000000008001834                TIM1_TRG_COM_TIM17_IRQHandler
                0x0000000008001834                DMA1_Channel3_IRQHandler
                0x0000000008001834                COMP_IRQHandler
                0x0000000008001834                WWDG_IRQHandler
                0x0000000008001834                LPUART1_IRQHandler
                0x0000000008001834                DMA2_Channel6_IRQHandler
                0x0000000008001834                TIM2_IRQHandler
                0x0000000008001834                USART2_IRQHandler
                0x0000000008001834                DFSDM1_FLT0_IRQHandler
                0x0000000008001834                I2C2_ER_IRQHandler
                0x0000000008001834                DMA1_Channel2_IRQHandler
                0x0000000008001834                TIM8_BRK_IRQHandler
                0x0000000008001834                CAN1_SCE_IRQHandler
                0x0000000008001834                FLASH_IRQHandler
                0x0000000008001834                USART1_IRQHandler
                0x0000000008001834                OTG_FS_IRQHandler
                0x0000000008001834                SPI3_IRQHandler
                0x0000000008001834                I2C1_ER_IRQHandler
                0x0000000008001834                FMC_IRQHandler
                0x0000000008001834                SWPMI1_IRQHandler
                0x0000000008001834                LPTIM1_IRQHandler
                0x0000000008001834                SAI1_IRQHandler
                0x0000000008001834                DMA2_Channel3_IRQHandler
                0x0000000008001834                TIM1_BRK_TIM15_IRQHandler
 *fill*         0x0000000008001836        0x2 
 .text.HAL_Init
                0x0000000008001838       0x40 ./Drivers/STM32L4xx_HAL_Driver/Src/stm32l4xx_hal.o
                0x0000000008001838                HAL_Init
 .text.HAL_InitTick
                0x0000000008001878       0x78 ./Drivers/STM32L4xx_HAL_Driver/Src/stm32l4xx_hal.o
                0x0000000008001878                HAL_InitTick
 .text.HAL_IncTick
                0x00000000080018f0       0x28 ./Drivers/STM32L4xx_HAL_Driver/Src/stm32l4xx_hal.o
                0x00000000080018f0                HAL_IncTick
 .text.HAL_GetTick
                0x0000000008001918       0x18 ./Drivers/STM32L4xx_HAL_Driver/Src/stm32l4xx_hal.o
                0x0000000008001918                HAL_GetTick
 .text.HAL_Delay
                0x0000000008001930       0x48 ./Drivers/STM32L4xx_HAL_Driver/Src/stm32l4xx_hal.o
                0x0000000008001930                HAL_Delay
 .text.__NVIC_SetPriorityGrouping
                0x0000000008001978       0x48 ./Drivers/STM32L4xx_HAL_Driver/Src/stm32l4xx_hal_cortex.o
 .text.__NVIC_GetPriorityGrouping
                0x00000000080019c0       0x1c ./Drivers/STM32L4xx_HAL_Driver/Src/stm32l4xx_hal_cortex.o
 .text.__NVIC_EnableIRQ
                0x00000000080019dc       0x3c ./Drivers/STM32L4xx_HAL_Driver/Src/stm32l4xx_hal_cortex.o
 .text.__NVIC_SetPriority
                0x0000000008001a18       0x54 ./Drivers/STM32L4xx_HAL_Driver/Src/stm32l4xx_hal_cortex.o
 .text.NVIC_EncodePriority
                0x0000000008001a6c       0x66 ./Drivers/STM32L4xx_HAL_Driver/Src/stm32l4xx_hal_cortex.o
 *fill*         0x0000000008001ad2        0x2 
 .text.SysTick_Config
                0x0000000008001ad4       0x44 ./Drivers/STM32L4xx_HAL_Driver/Src/stm32l4xx_hal_cortex.o
 .text.HAL_NVIC_SetPriorityGrouping
                0x0000000008001b18       0x16 ./Drivers/STM32L4xx_HAL_Driver/Src/stm32l4xx_hal_cortex.o
                0x0000000008001b18                HAL_NVIC_SetPriorityGrouping
 .text.HAL_NVIC_SetPriority
                0x0000000008001b2e       0x38 ./Drivers/STM32L4xx_HAL_Driver/Src/stm32l4xx_hal_cortex.o
                0x0000000008001b2e                HAL_NVIC_SetPriority
 .text.HAL_NVIC_EnableIRQ
                0x0000000008001b66       0x1c ./Drivers/STM32L4xx_HAL_Driver/Src/stm32l4xx_hal_cortex.o
                0x0000000008001b66                HAL_NVIC_EnableIRQ
 .text.HAL_SYSTICK_Config
                0x0000000008001b82       0x18 ./Drivers/STM32L4xx_HAL_Driver/Src/stm32l4xx_hal_cortex.o
                0x0000000008001b82                HAL_SYSTICK_Config
 *fill*         0x0000000008001b9a        0x2 
 .text.HAL_GPIO_Init
                0x0000000008001b9c      0x354 ./Drivers/STM32L4xx_HAL_Driver/Src/stm32l4xx_hal_gpio.o
                0x0000000008001b9c                HAL_GPIO_Init
 .text.HAL_GPIO_WritePin
                0x0000000008001ef0       0x30 ./Drivers/STM32L4xx_HAL_Driver/Src/stm32l4xx_hal_gpio.o
                0x0000000008001ef0                HAL_GPIO_WritePin
 .text.HAL_GPIO_EXTI_IRQHandler
                0x0000000008001f20       0x30 ./Drivers/STM32L4xx_HAL_Driver/Src/stm32l4xx_hal_gpio.o
                0x0000000008001f20                HAL_GPIO_EXTI_IRQHandler
 .text.HAL_PWREx_GetVoltageRange
                0x0000000008001f50       0x1c ./Drivers/STM32L4xx_HAL_Driver/Src/stm32l4xx_hal_pwr_ex.o
                0x0000000008001f50                HAL_PWREx_GetVoltageRange
 .text.HAL_PWREx_ControlVoltageScaling
                0x0000000008001f6c       0xac ./Drivers/STM32L4xx_HAL_Driver/Src/stm32l4xx_hal_pwr_ex.o
                0x0000000008001f6c                HAL_PWREx_ControlVoltageScaling
 .text.HAL_RCC_OscConfig
                0x0000000008002018      0x7b8 ./Drivers/STM32L4xx_HAL_Driver/Src/stm32l4xx_hal_rcc.o
                0x0000000008002018                HAL_RCC_OscConfig
 .text.HAL_RCC_ClockConfig
                0x00000000080027d0      0x200 ./Drivers/STM32L4xx_HAL_Driver/Src/stm32l4xx_hal_rcc.o
                0x00000000080027d0                HAL_RCC_ClockConfig
 .text.HAL_RCC_GetSysClockFreq
                0x00000000080029d0      0x118 ./Drivers/STM32L4xx_HAL_Driver/Src/stm32l4xx_hal_rcc.o
                0x00000000080029d0                HAL_RCC_GetSysClockFreq
 .text.HAL_RCC_GetHCLKFreq
                0x0000000008002ae8       0x18 ./Drivers/STM32L4xx_HAL_Driver/Src/stm32l4xx_hal_rcc.o
                0x0000000008002ae8                HAL_RCC_GetHCLKFreq
 .text.HAL_RCC_GetPCLK1Freq
                0x0000000008002b00       0x2c ./Drivers/STM32L4xx_HAL_Driver/Src/stm32l4xx_hal_rcc.o
                0x0000000008002b00                HAL_RCC_GetPCLK1Freq
 .text.HAL_RCC_GetPCLK2Freq
                0x0000000008002b2c       0x2c ./Drivers/STM32L4xx_HAL_Driver/Src/stm32l4xx_hal_rcc.o
                0x0000000008002b2c                HAL_RCC_GetPCLK2Freq
 .text.RCC_SetFlashLatencyFromMSIRange
                0x0000000008002b58       0xc0 ./Drivers/STM32L4xx_HAL_Driver/Src/stm32l4xx_hal_rcc.o
 .text.HAL_RCCEx_PeriphCLKConfig
                0x0000000008002c18      0x5d4 ./Drivers/STM32L4xx_HAL_Driver/Src/stm32l4xx_hal_rcc_ex.o
                0x0000000008002c18                HAL_RCCEx_PeriphCLKConfig
 .text.RCCEx_PLLSAI1_Config
                0x00000000080031ec      0x1e8 ./Drivers/STM32L4xx_HAL_Driver/Src/stm32l4xx_hal_rcc_ex.o
 .text.RCCEx_PLLSAI2_Config
                0x00000000080033d4      0x1bc ./Drivers/STM32L4xx_HAL_Driver/Src/stm32l4xx_hal_rcc_ex.o
 .text.HAL_RTC_Init
                0x0000000008003590       0xf6 ./Drivers/STM32L4xx_HAL_Driver/Src/stm32l4xx_hal_rtc.o
                0x0000000008003590                HAL_RTC_Init
 .text.HAL_RTC_SetTime
                0x0000000008003686      0x13a ./Drivers/STM32L4xx_HAL_Driver/Src/stm32l4xx_hal_rtc.o
                0x0000000008003686                HAL_RTC_SetTime
 .text.HAL_RTC_GetTime
                0x00000000080037c0       0xb8 ./Drivers/STM32L4xx_HAL_Driver/Src/stm32l4xx_hal_rtc.o
                0x00000000080037c0                HAL_RTC_GetTime
 .text.HAL_RTC_SetDate
                0x0000000008003878      0x10e ./Drivers/STM32L4xx_HAL_Driver/Src/stm32l4xx_hal_rtc.o
                0x0000000008003878                HAL_RTC_SetDate
 .text.HAL_RTC_GetDate
                0x0000000008003986       0x9a ./Drivers/STM32L4xx_HAL_Driver/Src/stm32l4xx_hal_rtc.o
                0x0000000008003986                HAL_RTC_GetDate
 .text.HAL_RTC_SetAlarm_IT
                0x0000000008003a20      0x278 ./Drivers/STM32L4xx_HAL_Driver/Src/stm32l4xx_hal_rtc.o
                0x0000000008003a20                HAL_RTC_SetAlarm_IT
 .text.HAL_RTC_DeactivateAlarm
                0x0000000008003c98      0x128 ./Drivers/STM32L4xx_HAL_Driver/Src/stm32l4xx_hal_rtc.o
                0x0000000008003c98                HAL_RTC_DeactivateAlarm
 .text.HAL_RTC_GetAlarm
                0x0000000008003dc0      0x180 ./Drivers/STM32L4xx_HAL_Driver/Src/stm32l4xx_hal_rtc.o
                0x0000000008003dc0                HAL_RTC_GetAlarm
 .text.HAL_RTC_AlarmIRQHandler
                0x0000000008003f40       0x8c ./Drivers/STM32L4xx_HAL_Driver/Src/stm32l4xx_hal_rtc.o
                0x0000000008003f40                HAL_RTC_AlarmIRQHandler
 .text.HAL_RTC_AlarmAEventCallback
                0x0000000008003fcc       0x14 ./Drivers/STM32L4xx_HAL_Driver/Src/stm32l4xx_hal_rtc.o
                0x0000000008003fcc                HAL_RTC_AlarmAEventCallback
 .text.HAL_RTC_WaitForSynchro
                0x0000000008003fe0       0x4c ./Drivers/STM32L4xx_HAL_Driver/Src/stm32l4xx_hal_rtc.o
                0x0000000008003fe0                HAL_RTC_WaitForSynchro
 .text.RTC_EnterInitMode
                0x000000000800402c       0x66 ./Drivers/STM32L4xx_HAL_Driver/Src/stm32l4xx_hal_rtc.o
                0x000000000800402c                RTC_EnterInitMode
 *fill*         0x0000000008004092        0x2 
 .text.RTC_ExitInitMode
                0x0000000008004094       0x7c ./Drivers/STM32L4xx_HAL_Driver/Src/stm32l4xx_hal_rtc.o
                0x0000000008004094                RTC_ExitInitMode
 .text.RTC_ByteToBcd2
                0x0000000008004110       0x40 ./Drivers/STM32L4xx_HAL_Driver/Src/stm32l4xx_hal_rtc.o
                0x0000000008004110                RTC_ByteToBcd2
 .text.RTC_Bcd2ToByte
                0x0000000008004150       0x34 ./Drivers/STM32L4xx_HAL_Driver/Src/stm32l4xx_hal_rtc.o
                0x0000000008004150                RTC_Bcd2ToByte
 .text.HAL_RTCEx_DeactivateWakeUpTimer
                0x0000000008004184       0xba ./Drivers/STM32L4xx_HAL_Driver/Src/stm32l4xx_hal_rtc_ex.o
                0x0000000008004184                HAL_RTCEx_DeactivateWakeUpTimer
 .text.HAL_RTCEx_AlarmBEventCallback
                0x000000000800423e       0x14 ./Drivers/STM32L4xx_HAL_Driver/Src/stm32l4xx_hal_rtc_ex.o
                0x000000000800423e                HAL_RTCEx_AlarmBEventCallback
 .text.HAL_SPI_Init
                0x0000000008004252      0x146 ./Drivers/STM32L4xx_HAL_Driver/Src/stm32l4xx_hal_spi.o
                0x0000000008004252                HAL_SPI_Init
 .text.HAL_SPI_Transmit
                0x0000000008004398      0x2dc ./Drivers/STM32L4xx_HAL_Driver/Src/stm32l4xx_hal_spi.o
                0x0000000008004398                HAL_SPI_Transmit
 .text.HAL_SPI_Receive
                0x0000000008004674      0x260 ./Drivers/STM32L4xx_HAL_Driver/Src/stm32l4xx_hal_spi.o
                0x0000000008004674                HAL_SPI_Receive
 .text.HAL_SPI_TransmitReceive
                0x00000000080048d4      0x426 ./Drivers/STM32L4xx_HAL_Driver/Src/stm32l4xx_hal_spi.o
                0x00000000080048d4                HAL_SPI_TransmitReceive
 *fill*         0x0000000008004cfa        0x2 
 .text.SPI_WaitFlagStateUntilTimeout
                0x0000000008004cfc      0x110 ./Drivers/STM32L4xx_HAL_Driver/Src/stm32l4xx_hal_spi.o
 .text.SPI_WaitFifoStateUntilTimeout
                0x0000000008004e0c      0x12c ./Drivers/STM32L4xx_HAL_Driver/Src/stm32l4xx_hal_spi.o
 .text.SPI_EndRxTransaction
                0x0000000008004f38       0xb0 ./Drivers/STM32L4xx_HAL_Driver/Src/stm32l4xx_hal_spi.o
 .text.SPI_EndRxTxTransaction
                0x0000000008004fe8       0x8c ./Drivers/STM32L4xx_HAL_Driver/Src/stm32l4xx_hal_spi.o
 .text.HAL_UART_Init
                0x0000000008005074       0x9c ./Drivers/STM32L4xx_HAL_Driver/Src/stm32l4xx_hal_uart.o
                0x0000000008005074                HAL_UART_Init
 .text.HAL_UART_Transmit
                0x0000000008005110      0x128 ./Drivers/STM32L4xx_HAL_Driver/Src/stm32l4xx_hal_uart.o
                0x0000000008005110                HAL_UART_Transmit
 .text.HAL_UART_Receive
                0x0000000008005238      0x1a2 ./Drivers/STM32L4xx_HAL_Driver/Src/stm32l4xx_hal_uart.o
                0x0000000008005238                HAL_UART_Receive
 *fill*         0x00000000080053da        0x2 
 .text.UART_SetConfig
                0x00000000080053dc      0x570 ./Drivers/STM32L4xx_HAL_Driver/Src/stm32l4xx_hal_uart.o
                0x00000000080053dc                UART_SetConfig
 .text.UART_AdvFeatureConfig
                0x000000000800594c      0x144 ./Drivers/STM32L4xx_HAL_Driver/Src/stm32l4xx_hal_uart.o
                0x000000000800594c                UART_AdvFeatureConfig
 .text.UART_CheckIdleState
                0x0000000008005a90       0x92 ./Drivers/STM32L4xx_HAL_Driver/Src/stm32l4xx_hal_uart.o
                0x0000000008005a90                UART_CheckIdleState
 .text.UART_WaitOnFlagUntilTimeout
                0x0000000008005b22      0x188 ./Drivers/STM32L4xx_HAL_Driver/Src/stm32l4xx_hal_uart.o
                0x0000000008005b22                UART_WaitOnFlagUntilTimeout
 *fill*         0x0000000008005caa        0x2 
 .text.BoardInitPeriph
                0x0000000008005cac       0x6c ./Radio/board.o
                0x0000000008005cac                BoardInitPeriph
 .text.BoardInitMcu
                0x0000000008005d18       0x50 ./Radio/board.o
                0x0000000008005d18                BoardInitMcu
 .text.DelayMs  0x0000000008005d68       0x16 ./Radio/delay.o
                0x0000000008005d68                DelayMs
 *fill*         0x0000000008005d7e        0x2 
 .text.GpioMcuInit
                0x0000000008005d80      0x1ac ./Radio/gpio-board.o
                0x0000000008005d80                GpioMcuInit
 .text.GpioMcuSetInterrupt
                0x0000000008005f2c      0x224 ./Radio/gpio-board.o
                0x0000000008005f2c                GpioMcuSetInterrupt
 .text.GpioMcuWrite
                0x0000000008006150       0x36 ./Radio/gpio-board.o
                0x0000000008006150                GpioMcuWrite
 .text.EXTI0_IRQHandler
                0x0000000008006186       0x12 ./Radio/gpio-board.o
                0x0000000008006186                EXTI0_IRQHandler
 .text.EXTI1_IRQHandler
                0x0000000008006198       0x12 ./Radio/gpio-board.o
                0x0000000008006198                EXTI1_IRQHandler
 .text.EXTI2_IRQHandler
                0x00000000080061aa       0x12 ./Radio/gpio-board.o
                0x00000000080061aa                EXTI2_IRQHandler
 .text.EXTI3_IRQHandler
                0x00000000080061bc       0x12 ./Radio/gpio-board.o
                0x00000000080061bc                EXTI3_IRQHandler
 .text.EXTI4_IRQHandler
                0x00000000080061ce       0x12 ./Radio/gpio-board.o
                0x00000000080061ce                EXTI4_IRQHandler
 .text.EXTI9_5_IRQHandler
                0x00000000080061e0       0x2e ./Radio/gpio-board.o
                0x00000000080061e0                EXTI9_5_IRQHandler
 .text.EXTI15_10_IRQHandler
                0x000000000800620e       0x3c ./Radio/gpio-board.o
                0x000000000800620e                EXTI15_10_IRQHandler
 *fill*         0x000000000800624a        0x2 
 .text.HAL_GPIO_EXTI_Callback
                0x000000000800624c       0x4c ./Radio/gpio-board.o
                0x000000000800624c                HAL_GPIO_EXTI_Callback
 .text.GpioInit
                0x0000000008006298       0x48 ./Radio/gpio.o
                0x0000000008006298                GpioInit
 .text.GpioSetInterrupt
                0x00000000080062e0       0x36 ./Radio/gpio.o
                0x00000000080062e0                GpioSetInterrupt
 .text.GpioWrite
                0x0000000008006316       0x2a ./Radio/gpio.o
                0x0000000008006316                GpioWrite
 .text.RtcInit  0x0000000008006340       0xc8 ./Radio/rtc-board.o
                0x0000000008006340                RtcInit
 .text.RtcSetTimeout
                0x0000000008006408       0x16 ./Radio/rtc-board.o
                0x0000000008006408                RtcSetTimeout
 *fill*         0x000000000800641e        0x2 
 .text.RtcGetAdjustedTimeoutValue
                0x0000000008006420       0x70 ./Radio/rtc-board.o
                0x0000000008006420                RtcGetAdjustedTimeoutValue
 .text.RtcGetElapsedAlarmTime
                0x0000000008006490       0x44 ./Radio/rtc-board.o
                0x0000000008006490                RtcGetElapsedAlarmTime
 .text.BlockLowPowerDuringTask
                0x00000000080064d4       0x28 ./Radio/rtc-board.o
                0x00000000080064d4                BlockLowPowerDuringTask
 .text.RtcRecoverMcuStatus
                0x00000000080064fc       0x48 ./Radio/rtc-board.o
                0x00000000080064fc                RtcRecoverMcuStatus
 .text.RtcComputeWakeUpTime
                0x0000000008006544       0xc8 ./Radio/rtc-board.o
 .text.RtcStartWakeUpAlarm
                0x000000000800660c       0xa0 ./Radio/rtc-board.o
 *fill*         0x00000000080066ac        0x4 
 .text.RtcComputeTimerTimeToAlarmTick
                0x00000000080066b0      0x3a0 ./Radio/rtc-board.o
 .text.RtcConvertCalendarTickToTimerTime
                0x0000000008006a50      0x1e8 ./Radio/rtc-board.o
 .text.RtcCheckCalendarRollOver
                0x0000000008006c38       0x4c ./Radio/rtc-board.o
 .text.RtcGetCalendar
                0x0000000008006c84       0x5c ./Radio/rtc-board.o
 .text.RTC_Alarm_IRQHandler
                0x0000000008006ce0       0x30 ./Radio/rtc-board.o
                0x0000000008006ce0                RTC_Alarm_IRQHandler
 .text.__ffs    0x0000000008006d10       0x36 ./Radio/spi-board.o
 *fill*         0x0000000008006d46        0x2 
 .text.SpiInit  0x0000000008006d48      0x120 ./Radio/spi-board.o
                0x0000000008006d48                SpiInit
 .text.SpiFormat
                0x0000000008006e68       0x82 ./Radio/spi-board.o
                0x0000000008006e68                SpiFormat
 *fill*         0x0000000008006eea        0x2 
 .text.SpiFrequency
                0x0000000008006eec       0x88 ./Radio/spi-board.o
                0x0000000008006eec                SpiFrequency
 .text.SX1276IoInit
                0x0000000008006f74       0xb4 ./Radio/sx1276-board.o
                0x0000000008006f74                SX1276IoInit
 .text.SX1276IoIrqInit
                0x0000000008007028       0x88 ./Radio/sx1276-board.o
                0x0000000008007028                SX1276IoIrqInit
 .text.SX1276GetPaSelect
                0x00000000080070b0       0x16 ./Radio/sx1276-board.o
                0x00000000080070b0                SX1276GetPaSelect
 *fill*         0x00000000080070c6        0x2 
 .text.SX1276SetAntSwLowPower
                0x00000000080070c8       0x3c ./Radio/sx1276-board.o
                0x00000000080070c8                SX1276SetAntSwLowPower
 .text.SX1276AntSwInit
                0x0000000008007104       0x3c ./Radio/sx1276-board.o
                0x0000000008007104                SX1276AntSwInit
 .text.SX1276AntSwDeInit
                0x0000000008007140       0x3c ./Radio/sx1276-board.o
                0x0000000008007140                SX1276AntSwDeInit
 .text.SX1276SetAntSw
                0x000000000800717c       0x44 ./Radio/sx1276-board.o
                0x000000000800717c                SX1276SetAntSw
 .text.SX1276CheckRfFrequency
                0x00000000080071c0       0x16 ./Radio/sx1276-board.o
                0x00000000080071c0                SX1276CheckRfFrequency
 .text.TimerInit
                0x00000000080071d6       0x34 ./Radio/timer.o
                0x00000000080071d6                TimerInit
 *fill*         0x000000000800720a        0x2 
 .text.TimerStart
                0x000000000800720c       0xb4 ./Radio/timer.o
                0x000000000800720c                TimerStart
 .text.TimerInsertTimer
                0x00000000080072c0       0xdc ./Radio/timer.o
 .text.TimerInsertNewHeadTimer
                0x000000000800739c       0x50 ./Radio/timer.o
 .text.TimerIrqHandler
                0x00000000080073ec       0xa8 ./Radio/timer.o
                0x00000000080073ec                TimerIrqHandler
 .text.TimerStop
                0x0000000008007494      0x140 ./Radio/timer.o
                0x0000000008007494                TimerStop
 .text.TimerExists
                0x00000000080075d4       0x3c ./Radio/timer.o
 .text.TimerSetValue
                0x0000000008007610       0x24 ./Radio/timer.o
                0x0000000008007610                TimerSetValue
 .text.TimerGetValue
                0x0000000008007634        0xe ./Radio/timer.o
                0x0000000008007634                TimerGetValue
 *fill*         0x0000000008007642        0x2 
 .text.TimerSetTimeout
                0x0000000008007644       0x34 ./Radio/timer.o
 .text.memcpy1  0x0000000008007678       0x38 ./Radio/utilities.o
                0x0000000008007678                memcpy1
 .text.SX1276Init
                0x00000000080076b0       0xbc ./Radio/sx1276/sx1276.o
                0x00000000080076b0                SX1276Init
 .text.SX1276GetStatus
                0x000000000800776c       0x18 ./Radio/sx1276/sx1276.o
                0x000000000800776c                SX1276GetStatus
 *fill*         0x0000000008007784        0x4 
 .text.SX1276SetChannel
                0x0000000008007788       0x6c ./Radio/sx1276/sx1276.o
                0x0000000008007788                SX1276SetChannel
 .text.SX1276IsChannelFree
                0x00000000080077f4       0x58 ./Radio/sx1276/sx1276.o
                0x00000000080077f4                SX1276IsChannelFree
 .text.SX1276Random
                0x000000000800784c       0x5c ./Radio/sx1276/sx1276.o
                0x000000000800784c                SX1276Random
 .text.RxChainCalibration
                0x00000000080078a8       0xd4 ./Radio/sx1276/sx1276.o
 .text.GetFskBandwidthRegValue
                0x000000000800797c       0x58 ./Radio/sx1276/sx1276.o
 *fill*         0x00000000080079d4        0x4 
 .text.SX1276SetRxConfig
                0x00000000080079d8      0x3c4 ./Radio/sx1276/sx1276.o
                0x00000000080079d8                SX1276SetRxConfig
 *fill*         0x0000000008007d9c        0x4 
 .text.SX1276SetTxConfig
                0x0000000008007da0      0x480 ./Radio/sx1276/sx1276.o
                0x0000000008007da0                SX1276SetTxConfig
 .text.SX1276GetTimeOnAir
                0x0000000008008220      0x380 ./Radio/sx1276/sx1276.o
                0x0000000008008220                SX1276GetTimeOnAir
 .text.SX1276Send
                0x00000000080085a0      0x16c ./Radio/sx1276/sx1276.o
                0x00000000080085a0                SX1276Send
 .text.SX1276SetSleep
                0x000000000800870c       0x30 ./Radio/sx1276/sx1276.o
                0x000000000800870c                SX1276SetSleep
 .text.SX1276SetStby
                0x000000000800873c       0x30 ./Radio/sx1276/sx1276.o
                0x000000000800873c                SX1276SetStby
 *fill*         0x000000000800876c        0x4 
 .text.SX1276SetRx
                0x0000000008008770      0x4a8 ./Radio/sx1276/sx1276.o
                0x0000000008008770                SX1276SetRx
 .text.SX1276SetTx
                0x0000000008008c18       0xf0 ./Radio/sx1276/sx1276.o
                0x0000000008008c18                SX1276SetTx
 .text.SX1276StartCad
                0x0000000008008d08       0x4c ./Radio/sx1276/sx1276.o
                0x0000000008008d08                SX1276StartCad
 .text.SX1276ReadRssi
                0x0000000008008d54       0x7c ./Radio/sx1276/sx1276.o
                0x0000000008008d54                SX1276ReadRssi
 .text.SX1276Reset
                0x0000000008008dd0       0x44 ./Radio/sx1276/sx1276.o
                0x0000000008008dd0                SX1276Reset
 .text.SX1276SetOpMode
                0x0000000008008e14       0x5c ./Radio/sx1276/sx1276.o
                0x0000000008008e14                SX1276SetOpMode
 .text.SX1276SetModem
                0x0000000008008e70       0x84 ./Radio/sx1276/sx1276.o
                0x0000000008008e70                SX1276SetModem
 .text.SX1276Write
                0x0000000008008ef4       0x24 ./Radio/sx1276/sx1276.o
                0x0000000008008ef4                SX1276Write
 .text.SX1276Read
                0x0000000008008f18       0x22 ./Radio/sx1276/sx1276.o
                0x0000000008008f18                SX1276Read
 *fill*         0x0000000008008f3a        0x2 
 .text.SX1276WriteBuffer
                0x0000000008008f3c       0x58 ./Radio/sx1276/sx1276.o
                0x0000000008008f3c                SX1276WriteBuffer
 .text.SX1276ReadBuffer
                0x0000000008008f94       0x58 ./Radio/sx1276/sx1276.o
                0x0000000008008f94                SX1276ReadBuffer
 .text.SX1276WriteFifo
                0x0000000008008fec       0x20 ./Radio/sx1276/sx1276.o
                0x0000000008008fec                SX1276WriteFifo
 .text.SX1276ReadFifo
                0x000000000800900c       0x20 ./Radio/sx1276/sx1276.o
                0x000000000800900c                SX1276ReadFifo
 .text.SX1276SetMaxPayloadLength
                0x000000000800902c       0x5c ./Radio/sx1276/sx1276.o
                0x000000000800902c                SX1276SetMaxPayloadLength
 .text.SX1276OnTimeoutIrq
                0x0000000008009088       0xdc ./Radio/sx1276/sx1276.o
                0x0000000008009088                SX1276OnTimeoutIrq
 .text.SX1276OnDio0Irq
                0x0000000008009164      0x458 ./Radio/sx1276/sx1276.o
                0x0000000008009164                SX1276OnDio0Irq
 .text.SX1276OnDio1Irq
                0x00000000080095bc      0x1c4 ./Radio/sx1276/sx1276.o
                0x00000000080095bc                SX1276OnDio1Irq
 .text.SX1276OnDio2Irq
                0x0000000008009780      0x17c ./Radio/sx1276/sx1276.o
                0x0000000008009780                SX1276OnDio2Irq
 .text.SX1276OnDio3Irq
                0x00000000080098fc       0x84 ./Radio/sx1276/sx1276.o
                0x00000000080098fc                SX1276OnDio3Irq
 .text.SX1276OnDio4Irq
                0x0000000008009980       0x3c ./Radio/sx1276/sx1276.o
                0x0000000008009980                SX1276OnDio4Irq
 .text.__errno  0x00000000080099bc        0xc c:/st/stm32cubeide_1.11.2/stm32cubeide/plugins/com.st.stm32cube.ide.mcu.externaltools.gnu-tools-for-stm32.10.3-2021.10.win32_1.0.100.202210260954/tools/bin/../lib/gcc/arm-none-eabi/10.3.1/../../../../arm-none-eabi/lib/thumb/v7e-m+fp/hard\libc_nano.a(lib_a-errno.o)
                0x00000000080099bc                __errno
 .text.__libc_init_array
                0x00000000080099c8       0x48 c:/st/stm32cubeide_1.11.2/stm32cubeide/plugins/com.st.stm32cube.ide.mcu.externaltools.gnu-tools-for-stm32.10.3-2021.10.win32_1.0.100.202210260954/tools/bin/../lib/gcc/arm-none-eabi/10.3.1/../../../../arm-none-eabi/lib/thumb/v7e-m+fp/hard\libc_nano.a(lib_a-init.o)
                0x00000000080099c8                __libc_init_array
 .text.memcpy   0x0000000008009a10       0x1c c:/st/stm32cubeide_1.11.2/stm32cubeide/plugins/com.st.stm32cube.ide.mcu.externaltools.gnu-tools-for-stm32.10.3-2021.10.win32_1.0.100.202210260954/tools/bin/../lib/gcc/arm-none-eabi/10.3.1/../../../../arm-none-eabi/lib/thumb/v7e-m+fp/hard\libc_nano.a(lib_a-memcpy-stub.o)
                0x0000000008009a10                memcpy
 .text.memset   0x0000000008009a2c       0x10 c:/st/stm32cubeide_1.11.2/stm32cubeide/plugins/com.st.stm32cube.ide.mcu.externaltools.gnu-tools-for-stm32.10.3-2021.10.win32_1.0.100.202210260954/tools/bin/../lib/gcc/arm-none-eabi/10.3.1/../../../../arm-none-eabi/lib/thumb/v7e-m+fp/hard\libc_nano.a(lib_a-memset.o)
                0x0000000008009a2c                memset
 .text.printf   0x0000000008009a3c       0x30 c:/st/stm32cubeide_1.11.2/stm32cubeide/plugins/com.st.stm32cube.ide.mcu.externaltools.gnu-tools-for-stm32.10.3-2021.10.win32_1.0.100.202210260954/tools/bin/../lib/gcc/arm-none-eabi/10.3.1/../../../../arm-none-eabi/lib/thumb/v7e-m+fp/hard\libc_nano.a(lib_a-printf.o)
                0x0000000008009a3c                iprintf
                0x0000000008009a3c                printf
 .text.__swbuf_r
                0x0000000008009a6c       0xa4 c:/st/stm32cubeide_1.11.2/stm32cubeide/plugins/com.st.stm32cube.ide.mcu.externaltools.gnu-tools-for-stm32.10.3-2021.10.win32_1.0.100.202210260954/tools/bin/../lib/gcc/arm-none-eabi/10.3.1/../../../../arm-none-eabi/lib/thumb/v7e-m+fp/hard\libc_nano.a(lib_a-wbuf.o)
                0x0000000008009a6c                __swbuf_r
 .text.__swsetup_r
                0x0000000008009b10       0xdc c:/st/stm32cubeide_1.11.2/stm32cubeide/plugins/com.st.stm32cube.ide.mcu.externaltools.gnu-tools-for-stm32.10.3-2021.10.win32_1.0.100.202210260954/tools/bin/../lib/gcc/arm-none-eabi/10.3.1/../../../../arm-none-eabi/lib/thumb/v7e-m+fp/hard\libc_nano.a(lib_a-wsetup.o)
                0x0000000008009b10                __swsetup_r
 .text.__sflush_r
                0x0000000008009bec      0x10c c:/st/stm32cubeide_1.11.2/stm32cubeide/plugins/com.st.stm32cube.ide.mcu.externaltools.gnu-tools-for-stm32.10.3-2021.10.win32_1.0.100.202210260954/tools/bin/../lib/gcc/arm-none-eabi/10.3.1/../../../../arm-none-eabi/lib/thumb/v7e-m+fp/hard\libc_nano.a(lib_a-fflush.o)
                0x0000000008009bec                __sflush_r
 .text._fflush_r
                0x0000000008009cf8       0x78 c:/st/stm32cubeide_1.11.2/stm32cubeide/plugins/com.st.stm32cube.ide.mcu.externaltools.gnu-tools-for-stm32.10.3-2021.10.win32_1.0.100.202210260954/tools/bin/../lib/gcc/arm-none-eabi/10.3.1/../../../../arm-none-eabi/lib/thumb/v7e-m+fp/hard\libc_nano.a(lib_a-fflush.o)
                0x0000000008009cf8                _fflush_r
 .text.std      0x0000000008009d70       0x48 c:/st/stm32cubeide_1.11.2/stm32cubeide/plugins/com.st.stm32cube.ide.mcu.externaltools.gnu-tools-for-stm32.10.3-2021.10.win32_1.0.100.202210260954/tools/bin/../lib/gcc/arm-none-eabi/10.3.1/../../../../arm-none-eabi/lib/thumb/v7e-m+fp/hard\libc_nano.a(lib_a-findfp.o)
 .text._cleanup_r
                0x0000000008009db8        0xc c:/st/stm32cubeide_1.11.2/stm32cubeide/plugins/com.st.stm32cube.ide.mcu.externaltools.gnu-tools-for-stm32.10.3-2021.10.win32_1.0.100.202210260954/tools/bin/../lib/gcc/arm-none-eabi/10.3.1/../../../../arm-none-eabi/lib/thumb/v7e-m+fp/hard\libc_nano.a(lib_a-findfp.o)
                0x0000000008009db8                _cleanup_r
 .text.__sfmoreglue
                0x0000000008009dc4       0x2c c:/st/stm32cubeide_1.11.2/stm32cubeide/plugins/com.st.stm32cube.ide.mcu.externaltools.gnu-tools-for-stm32.10.3-2021.10.win32_1.0.100.202210260954/tools/bin/../lib/gcc/arm-none-eabi/10.3.1/../../../../arm-none-eabi/lib/thumb/v7e-m+fp/hard\libc_nano.a(lib_a-findfp.o)
                0x0000000008009dc4                __sfmoreglue
 .text.__sfp_lock_acquire
                0x0000000008009df0        0xc c:/st/stm32cubeide_1.11.2/stm32cubeide/plugins/com.st.stm32cube.ide.mcu.externaltools.gnu-tools-for-stm32.10.3-2021.10.win32_1.0.100.202210260954/tools/bin/../lib/gcc/arm-none-eabi/10.3.1/../../../../arm-none-eabi/lib/thumb/v7e-m+fp/hard\libc_nano.a(lib_a-findfp.o)
                0x0000000008009df0                __sfp_lock_acquire
 .text.__sfp_lock_release
                0x0000000008009dfc        0xc c:/st/stm32cubeide_1.11.2/stm32cubeide/plugins/com.st.stm32cube.ide.mcu.externaltools.gnu-tools-for-stm32.10.3-2021.10.win32_1.0.100.202210260954/tools/bin/../lib/gcc/arm-none-eabi/10.3.1/../../../../arm-none-eabi/lib/thumb/v7e-m+fp/hard\libc_nano.a(lib_a-findfp.o)
                0x0000000008009dfc                __sfp_lock_release
 .text.__sinit_lock_acquire
                0x0000000008009e08        0xc c:/st/stm32cubeide_1.11.2/stm32cubeide/plugins/com.st.stm32cube.ide.mcu.externaltools.gnu-tools-for-stm32.10.3-2021.10.win32_1.0.100.202210260954/tools/bin/../lib/gcc/arm-none-eabi/10.3.1/../../../../arm-none-eabi/lib/thumb/v7e-m+fp/hard\libc_nano.a(lib_a-findfp.o)
                0x0000000008009e08                __sinit_lock_acquire
 .text.__sinit_lock_release
                0x0000000008009e14        0xc c:/st/stm32cubeide_1.11.2/stm32cubeide/plugins/com.st.stm32cube.ide.mcu.externaltools.gnu-tools-for-stm32.10.3-2021.10.win32_1.0.100.202210260954/tools/bin/../lib/gcc/arm-none-eabi/10.3.1/../../../../arm-none-eabi/lib/thumb/v7e-m+fp/hard\libc_nano.a(lib_a-findfp.o)
                0x0000000008009e14                __sinit_lock_release
 .text.__sinit  0x0000000008009e20       0x70 c:/st/stm32cubeide_1.11.2/stm32cubeide/plugins/com.st.stm32cube.ide.mcu.externaltools.gnu-tools-for-stm32.10.3-2021.10.win32_1.0.100.202210260954/tools/bin/../lib/gcc/arm-none-eabi/10.3.1/../../../../arm-none-eabi/lib/thumb/v7e-m+fp/hard\libc_nano.a(lib_a-findfp.o)
                0x0000000008009e20                __sinit
 .text.__sfp    0x0000000008009e90       0x8c c:/st/stm32cubeide_1.11.2/stm32cubeide/plugins/com.st.stm32cube.ide.mcu.externaltools.gnu-tools-for-stm32.10.3-2021.10.win32_1.0.100.202210260954/tools/bin/../lib/gcc/arm-none-eabi/10.3.1/../../../../arm-none-eabi/lib/thumb/v7e-m+fp/hard\libc_nano.a(lib_a-findfp.o)
                0x0000000008009e90                __sfp
 .text._fwalk_reent
                0x0000000008009f1c       0x3e c:/st/stm32cubeide_1.11.2/stm32cubeide/plugins/com.st.stm32cube.ide.mcu.externaltools.gnu-tools-for-stm32.10.3-2021.10.win32_1.0.100.202210260954/tools/bin/../lib/gcc/arm-none-eabi/10.3.1/../../../../arm-none-eabi/lib/thumb/v7e-m+fp/hard\libc_nano.a(lib_a-fwalk.o)
                0x0000000008009f1c                _fwalk_reent
 .text.__retarget_lock_init_recursive
                0x0000000008009f5a        0x2 c:/st/stm32cubeide_1.11.2/stm32cubeide/plugins/com.st.stm32cube.ide.mcu.externaltools.gnu-tools-for-stm32.10.3-2021.10.win32_1.0.100.202210260954/tools/bin/../lib/gcc/arm-none-eabi/10.3.1/../../../../arm-none-eabi/lib/thumb/v7e-m+fp/hard\libc_nano.a(lib_a-lock.o)
                0x0000000008009f5a                __retarget_lock_init_recursive
 .text.__retarget_lock_acquire_recursive
                0x0000000008009f5c        0x2 c:/st/stm32cubeide_1.11.2/stm32cubeide/plugins/com.st.stm32cube.ide.mcu.externaltools.gnu-tools-for-stm32.10.3-2021.10.win32_1.0.100.202210260954/tools/bin/../lib/gcc/arm-none-eabi/10.3.1/../../../../arm-none-eabi/lib/thumb/v7e-m+fp/hard\libc_nano.a(lib_a-lock.o)
                0x0000000008009f5c                __retarget_lock_acquire_recursive
 .text.__retarget_lock_release_recursive
                0x0000000008009f5e        0x2 c:/st/stm32cubeide_1.11.2/stm32cubeide/plugins/com.st.stm32cube.ide.mcu.externaltools.gnu-tools-for-stm32.10.3-2021.10.win32_1.0.100.202210260954/tools/bin/../lib/gcc/arm-none-eabi/10.3.1/../../../../arm-none-eabi/lib/thumb/v7e-m+fp/hard\libc_nano.a(lib_a-lock.o)
                0x0000000008009f5e                __retarget_lock_release_recursive
 .text.__swhatbuf_r
                0x0000000008009f60       0x4a c:/st/stm32cubeide_1.11.2/stm32cubeide/plugins/com.st.stm32cube.ide.mcu.externaltools.gnu-tools-for-stm32.10.3-2021.10.win32_1.0.100.202210260954/tools/bin/../lib/gcc/arm-none-eabi/10.3.1/../../../../arm-none-eabi/lib/thumb/v7e-m+fp/hard\libc_nano.a(lib_a-makebuf.o)
                0x0000000008009f60                __swhatbuf_r
 *fill*         0x0000000008009faa        0x2 
 .text.__smakebuf_r
                0x0000000008009fac       0x80 c:/st/stm32cubeide_1.11.2/stm32cubeide/plugins/com.st.stm32cube.ide.mcu.externaltools.gnu-tools-for-stm32.10.3-2021.10.win32_1.0.100.202210260954/tools/bin/../lib/gcc/arm-none-eabi/10.3.1/../../../../arm-none-eabi/lib/thumb/v7e-m+fp/hard\libc_nano.a(lib_a-makebuf.o)
                0x0000000008009fac                __smakebuf_r
 .text._free_r  0x000000000800a02c       0x98 c:/st/stm32cubeide_1.11.2/stm32cubeide/plugins/com.st.stm32cube.ide.mcu.externaltools.gnu-tools-for-stm32.10.3-2021.10.win32_1.0.100.202210260954/tools/bin/../lib/gcc/arm-none-eabi/10.3.1/../../../../arm-none-eabi/lib/thumb/v7e-m+fp/hard\libc_nano.a(lib_a-nano-freer.o)
                0x000000000800a02c                _free_r
 .text.sbrk_aligned
                0x000000000800a0c4       0x40 c:/st/stm32cubeide_1.11.2/stm32cubeide/plugins/com.st.stm32cube.ide.mcu.externaltools.gnu-tools-for-stm32.10.3-2021.10.win32_1.0.100.202210260954/tools/bin/../lib/gcc/arm-none-eabi/10.3.1/../../../../arm-none-eabi/lib/thumb/v7e-m+fp/hard\libc_nano.a(lib_a-nano-mallocr.o)
 .text._malloc_r
                0x000000000800a104       0xe8 c:/st/stm32cubeide_1.11.2/stm32cubeide/plugins/com.st.stm32cube.ide.mcu.externaltools.gnu-tools-for-stm32.10.3-2021.10.win32_1.0.100.202210260954/tools/bin/../lib/gcc/arm-none-eabi/10.3.1/../../../../arm-none-eabi/lib/thumb/v7e-m+fp/hard\libc_nano.a(lib_a-nano-mallocr.o)
                0x000000000800a104                _malloc_r
 .text.__sfputc_r
                0x000000000800a1ec       0x2e c:/st/stm32cubeide_1.11.2/stm32cubeide/plugins/com.st.stm32cube.ide.mcu.externaltools.gnu-tools-for-stm32.10.3-2021.10.win32_1.0.100.202210260954/tools/bin/../lib/gcc/arm-none-eabi/10.3.1/../../../../arm-none-eabi/lib/thumb/v7e-m+fp/hard\libc_nano.a(lib_a-nano-vfprintf.o)
 .text.__sfputs_r
                0x000000000800a21a       0x24 c:/st/stm32cubeide_1.11.2/stm32cubeide/plugins/com.st.stm32cube.ide.mcu.externaltools.gnu-tools-for-stm32.10.3-2021.10.win32_1.0.100.202210260954/tools/bin/../lib/gcc/arm-none-eabi/10.3.1/../../../../arm-none-eabi/lib/thumb/v7e-m+fp/hard\libc_nano.a(lib_a-nano-vfprintf.o)
                0x000000000800a21a                __sfputs_r
 *fill*         0x000000000800a23e        0x2 
 .text._vfprintf_r
                0x000000000800a240      0x260 c:/st/stm32cubeide_1.11.2/stm32cubeide/plugins/com.st.stm32cube.ide.mcu.externaltools.gnu-tools-for-stm32.10.3-2021.10.win32_1.0.100.202210260954/tools/bin/../lib/gcc/arm-none-eabi/10.3.1/../../../../arm-none-eabi/lib/thumb/v7e-m+fp/hard\libc_nano.a(lib_a-nano-vfprintf.o)
                0x000000000800a240                _vfprintf_r
                0x000000000800a240                _vfiprintf_r
 .text._printf_common
                0x000000000800a4a0       0xda c:/st/stm32cubeide_1.11.2/stm32cubeide/plugins/com.st.stm32cube.ide.mcu.externaltools.gnu-tools-for-stm32.10.3-2021.10.win32_1.0.100.202210260954/tools/bin/../lib/gcc/arm-none-eabi/10.3.1/../../../../arm-none-eabi/lib/thumb/v7e-m+fp/hard\libc_nano.a(lib_a-nano-vfprintf_i.o)
                0x000000000800a4a0                _printf_common
 *fill*         0x000000000800a57a        0x2 
 .text._printf_i
                0x000000000800a57c      0x24c c:/st/stm32cubeide_1.11.2/stm32cubeide/plugins/com.st.stm32cube.ide.mcu.externaltools.gnu-tools-for-stm32.10.3-2021.10.win32_1.0.100.202210260954/tools/bin/../lib/gcc/arm-none-eabi/10.3.1/../../../../arm-none-eabi/lib/thumb/v7e-m+fp/hard\libc_nano.a(lib_a-nano-vfprintf_i.o)
                0x000000000800a57c                _printf_i
 .text._sbrk_r  0x000000000800a7c8       0x20 c:/st/stm32cubeide_1.11.2/stm32cubeide/plugins/com.st.stm32cube.ide.mcu.externaltools.gnu-tools-for-stm32.10.3-2021.10.win32_1.0.100.202210260954/tools/bin/../lib/gcc/arm-none-eabi/10.3.1/../../../../arm-none-eabi/lib/thumb/v7e-m+fp/hard\libc_nano.a(lib_a-sbrkr.o)
                0x000000000800a7c8                _sbrk_r
 .text.__sread  0x000000000800a7e8       0x22 c:/st/stm32cubeide_1.11.2/stm32cubeide/plugins/com.st.stm32cube.ide.mcu.externaltools.gnu-tools-for-stm32.10.3-2021.10.win32_1.0.100.202210260954/tools/bin/../lib/gcc/arm-none-eabi/10.3.1/../../../../arm-none-eabi/lib/thumb/v7e-m+fp/hard\libc_nano.a(lib_a-stdio.o)
                0x000000000800a7e8                __sread
 .text.__swrite
                0x000000000800a80a       0x38 c:/st/stm32cubeide_1.11.2/stm32cubeide/plugins/com.st.stm32cube.ide.mcu.externaltools.gnu-tools-for-stm32.10.3-2021.10.win32_1.0.100.202210260954/tools/bin/../lib/gcc/arm-none-eabi/10.3.1/../../../../arm-none-eabi/lib/thumb/v7e-m+fp/hard\libc_nano.a(lib_a-stdio.o)
                0x000000000800a80a                __swrite
 .text.__sseek  0x000000000800a842       0x24 c:/st/stm32cubeide_1.11.2/stm32cubeide/plugins/com.st.stm32cube.ide.mcu.externaltools.gnu-tools-for-stm32.10.3-2021.10.win32_1.0.100.202210260954/tools/bin/../lib/gcc/arm-none-eabi/10.3.1/../../../../arm-none-eabi/lib/thumb/v7e-m+fp/hard\libc_nano.a(lib_a-stdio.o)
                0x000000000800a842                __sseek
 .text.__sclose
                0x000000000800a866        0x8 c:/st/stm32cubeide_1.11.2/stm32cubeide/plugins/com.st.stm32cube.ide.mcu.externaltools.gnu-tools-for-stm32.10.3-2021.10.win32_1.0.100.202210260954/tools/bin/../lib/gcc/arm-none-eabi/10.3.1/../../../../arm-none-eabi/lib/thumb/v7e-m+fp/hard\libc_nano.a(lib_a-stdio.o)
                0x000000000800a866                __sclose
 *fill*         0x000000000800a86e        0x2 
 .text._write_r
                0x000000000800a870       0x24 c:/st/stm32cubeide_1.11.2/stm32cubeide/plugins/com.st.stm32cube.ide.mcu.externaltools.gnu-tools-for-stm32.10.3-2021.10.win32_1.0.100.202210260954/tools/bin/../lib/gcc/arm-none-eabi/10.3.1/../../../../arm-none-eabi/lib/thumb/v7e-m+fp/hard\libc_nano.a(lib_a-writer.o)
                0x000000000800a870                _write_r
 .text._close_r
                0x000000000800a894       0x20 c:/st/stm32cubeide_1.11.2/stm32cubeide/plugins/com.st.stm32cube.ide.mcu.externaltools.gnu-tools-for-stm32.10.3-2021.10.win32_1.0.100.202210260954/tools/bin/../lib/gcc/arm-none-eabi/10.3.1/../../../../arm-none-eabi/lib/thumb/v7e-m+fp/hard\libc_nano.a(lib_a-closer.o)
                0x000000000800a894                _close_r
 .text._fstat_r
                0x000000000800a8b4       0x24 c:/st/stm32cubeide_1.11.2/stm32cubeide/plugins/com.st.stm32cube.ide.mcu.externaltools.gnu-tools-for-stm32.10.3-2021.10.win32_1.0.100.202210260954/tools/bin/../lib/gcc/arm-none-eabi/10.3.1/../../../../arm-none-eabi/lib/thumb/v7e-m+fp/hard\libc_nano.a(lib_a-fstatr.o)
                0x000000000800a8b4                _fstat_r
 .text._isatty_r
                0x000000000800a8d8       0x20 c:/st/stm32cubeide_1.11.2/stm32cubeide/plugins/com.st.stm32cube.ide.mcu.externaltools.gnu-tools-for-stm32.10.3-2021.10.win32_1.0.100.202210260954/tools/bin/../lib/gcc/arm-none-eabi/10.3.1/../../../../arm-none-eabi/lib/thumb/v7e-m+fp/hard\libc_nano.a(lib_a-isattyr.o)
                0x000000000800a8d8                _isatty_r
 .text._lseek_r
                0x000000000800a8f8       0x24 c:/st/stm32cubeide_1.11.2/stm32cubeide/plugins/com.st.stm32cube.ide.mcu.externaltools.gnu-tools-for-stm32.10.3-2021.10.win32_1.0.100.202210260954/tools/bin/../lib/gcc/arm-none-eabi/10.3.1/../../../../arm-none-eabi/lib/thumb/v7e-m+fp/hard\libc_nano.a(lib_a-lseekr.o)
                0x000000000800a8f8                _lseek_r
 .text.__malloc_lock
                0x000000000800a91c        0xc c:/st/stm32cubeide_1.11.2/stm32cubeide/plugins/com.st.stm32cube.ide.mcu.externaltools.gnu-tools-for-stm32.10.3-2021.10.win32_1.0.100.202210260954/tools/bin/../lib/gcc/arm-none-eabi/10.3.1/../../../../arm-none-eabi/lib/thumb/v7e-m+fp/hard\libc_nano.a(lib_a-mlock.o)
                0x000000000800a91c                __malloc_lock
 .text.__malloc_unlock
                0x000000000800a928        0xc c:/st/stm32cubeide_1.11.2/stm32cubeide/plugins/com.st.stm32cube.ide.mcu.externaltools.gnu-tools-for-stm32.10.3-2021.10.win32_1.0.100.202210260954/tools/bin/../lib/gcc/arm-none-eabi/10.3.1/../../../../arm-none-eabi/lib/thumb/v7e-m+fp/hard\libc_nano.a(lib_a-mlock.o)
                0x000000000800a928                __malloc_unlock
 .text._read_r  0x000000000800a934       0x24 c:/st/stm32cubeide_1.11.2/stm32cubeide/plugins/com.st.stm32cube.ide.mcu.externaltools.gnu-tools-for-stm32.10.3-2021.10.win32_1.0.100.202210260954/tools/bin/../lib/gcc/arm-none-eabi/10.3.1/../../../../arm-none-eabi/lib/thumb/v7e-m+fp/hard\libc_nano.a(lib_a-readr.o)
                0x000000000800a934                _read_r
 .text.ceil     0x000000000800a958      0x108 c:/st/stm32cubeide_1.11.2/stm32cubeide/plugins/com.st.stm32cube.ide.mcu.externaltools.gnu-tools-for-stm32.10.3-2021.10.win32_1.0.100.202210260954/tools/bin/../lib/gcc/arm-none-eabi/10.3.1/../../../../arm-none-eabi/lib/thumb/v7e-m+fp/hard\libm.a(lib_a-s_ceil.o)
                0x000000000800a958                ceil
 .text.floor    0x000000000800aa60      0x100 c:/st/stm32cubeide_1.11.2/stm32cubeide/plugins/com.st.stm32cube.ide.mcu.externaltools.gnu-tools-for-stm32.10.3-2021.10.win32_1.0.100.202210260954/tools/bin/../lib/gcc/arm-none-eabi/10.3.1/../../../../arm-none-eabi/lib/thumb/v7e-m+fp/hard\libm.a(lib_a-s_floor.o)
                0x000000000800aa60                floor
 .text.round    0x000000000800ab60       0x8c c:/st/stm32cubeide_1.11.2/stm32cubeide/plugins/com.st.stm32cube.ide.mcu.externaltools.gnu-tools-for-stm32.10.3-2021.10.win32_1.0.100.202210260954/tools/bin/../lib/gcc/arm-none-eabi/10.3.1/../../../../arm-none-eabi/lib/thumb/v7e-m+fp/hard\libm.a(lib_a-s_round.o)
                0x000000000800ab60                round
 *(.glue_7)
 .glue_7        0x000000000800abec        0x0 linker stubs
 *(.glue_7t)
 .glue_7t       0x000000000800abec        0x0 linker stubs
 *(.eh_frame)
 .eh_frame      0x000000000800abec        0x0 c:/st/stm32cubeide_1.11.2/stm32cubeide/plugins/com.st.stm32cube.ide.mcu.externaltools.gnu-tools-for-stm32.10.3-2021.10.win32_1.0.100.202210260954/tools/bin/../lib/gcc/arm-none-eabi/10.3.1/thumb/v7e-m+fp/hard/crtbegin.o
 *(.init)
 .init          0x000000000800abec        0x4 c:/st/stm32cubeide_1.11.2/stm32cubeide/plugins/com.st.stm32cube.ide.mcu.externaltools.gnu-tools-for-stm32.10.3-2021.10.win32_1.0.100.202210260954/tools/bin/../lib/gcc/arm-none-eabi/10.3.1/thumb/v7e-m+fp/hard/crti.o
                0x000000000800abec                _init
 .init          0x000000000800abf0        0x8 c:/st/stm32cubeide_1.11.2/stm32cubeide/plugins/com.st.stm32cube.ide.mcu.externaltools.gnu-tools-for-stm32.10.3-2021.10.win32_1.0.100.202210260954/tools/bin/../lib/gcc/arm-none-eabi/10.3.1/thumb/v7e-m+fp/hard/crtn.o
 *(.fini)
 .fini          0x000000000800abf8        0x4 c:/st/stm32cubeide_1.11.2/stm32cubeide/plugins/com.st.stm32cube.ide.mcu.externaltools.gnu-tools-for-stm32.10.3-2021.10.win32_1.0.100.202210260954/tools/bin/../lib/gcc/arm-none-eabi/10.3.1/thumb/v7e-m+fp/hard/crti.o
                0x000000000800abf8                _fini
 .fini          0x000000000800abfc        0x8 c:/st/stm32cubeide_1.11.2/stm32cubeide/plugins/com.st.stm32cube.ide.mcu.externaltools.gnu-tools-for-stm32.10.3-2021.10.win32_1.0.100.202210260954/tools/bin/../lib/gcc/arm-none-eabi/10.3.1/thumb/v7e-m+fp/hard/crtn.o
                0x000000000800ac04                . = ALIGN (0x4)
                0x000000000800ac04                _etext = .

.vfp11_veneer   0x000000000800ac04        0x0
 .vfp11_veneer  0x000000000800ac04        0x0 linker stubs

.v4_bx          0x000000000800ac04        0x0
 .v4_bx         0x000000000800ac04        0x0 linker stubs

.iplt           0x000000000800ac04        0x0
 .iplt          0x000000000800ac04        0x0 c:/st/stm32cubeide_1.11.2/stm32cubeide/plugins/com.st.stm32cube.ide.mcu.externaltools.gnu-tools-for-stm32.10.3-2021.10.win32_1.0.100.202210260954/tools/bin/../lib/gcc/arm-none-eabi/10.3.1/thumb/v7e-m+fp/hard/crtbegin.o

.rodata         0x000000000800ac04      0x240
                0x000000000800ac04                . = ALIGN (0x4)
 *(.rodata)
 .rodata        0x000000000800ac04       0x10 ./Core/Src/main.o
 *(.rodata*)
 .rodata.AHBPrescTable
                0x000000000800ac14       0x10 ./Core/Src/system_stm32l4xx.o
                0x000000000800ac14                AHBPrescTable
 .rodata.APBPrescTable
                0x000000000800ac24        0x8 ./Core/Src/system_stm32l4xx.o
                0x000000000800ac24                APBPrescTable
 .rodata.MSIRangeTable
                0x000000000800ac2c       0x30 ./Core/Src/system_stm32l4xx.o
                0x000000000800ac2c                MSIRangeTable
 .rodata.DaysInMonth
                0x000000000800ac5c        0xc ./Radio/rtc-board.o
 .rodata.DaysInMonthLeapYear
                0x000000000800ac68        0xc ./Radio/rtc-board.o
 .rodata.Radio  0x000000000800ac74       0x54 ./Radio/sx1276-board.o
                0x000000000800ac74                Radio
 .rodata.RadioRegsInit
                0x000000000800acc8       0x33 ./Radio/sx1276/sx1276.o
                0x000000000800acc8                RadioRegsInit
 *fill*         0x000000000800acfb        0x1 
 .rodata.FskBandwidths
                0x000000000800acfc       0xb0 ./Radio/sx1276/sx1276.o
                0x000000000800acfc                FskBandwidths
 .rodata._global_impure_ptr
                0x000000000800adac        0x4 c:/st/stm32cubeide_1.11.2/stm32cubeide/plugins/com.st.stm32cube.ide.mcu.externaltools.gnu-tools-for-stm32.10.3-2021.10.win32_1.0.100.202210260954/tools/bin/../lib/gcc/arm-none-eabi/10.3.1/../../../../arm-none-eabi/lib/thumb/v7e-m+fp/hard\libc_nano.a(lib_a-impure.o)
                0x000000000800adac                _global_impure_ptr
 .rodata.__sf_fake_stderr
                0x000000000800adb0       0x20 c:/st/stm32cubeide_1.11.2/stm32cubeide/plugins/com.st.stm32cube.ide.mcu.externaltools.gnu-tools-for-stm32.10.3-2021.10.win32_1.0.100.202210260954/tools/bin/../lib/gcc/arm-none-eabi/10.3.1/../../../../arm-none-eabi/lib/thumb/v7e-m+fp/hard\libc_nano.a(lib_a-findfp.o)
                0x000000000800adb0                __sf_fake_stderr
 .rodata.__sf_fake_stdin
                0x000000000800add0       0x20 c:/st/stm32cubeide_1.11.2/stm32cubeide/plugins/com.st.stm32cube.ide.mcu.externaltools.gnu-tools-for-stm32.10.3-2021.10.win32_1.0.100.202210260954/tools/bin/../lib/gcc/arm-none-eabi/10.3.1/../../../../arm-none-eabi/lib/thumb/v7e-m+fp/hard\libc_nano.a(lib_a-findfp.o)
                0x000000000800add0                __sf_fake_stdin
 .rodata.__sf_fake_stdout
                0x000000000800adf0       0x20 c:/st/stm32cubeide_1.11.2/stm32cubeide/plugins/com.st.stm32cube.ide.mcu.externaltools.gnu-tools-for-stm32.10.3-2021.10.win32_1.0.100.202210260954/tools/bin/../lib/gcc/arm-none-eabi/10.3.1/../../../../arm-none-eabi/lib/thumb/v7e-m+fp/hard\libc_nano.a(lib_a-findfp.o)
                0x000000000800adf0                __sf_fake_stdout
 .rodata._vfprintf_r.str1.1
                0x000000000800ae10       0x11 c:/st/stm32cubeide_1.11.2/stm32cubeide/plugins/com.st.stm32cube.ide.mcu.externaltools.gnu-tools-for-stm32.10.3-2021.10.win32_1.0.100.202210260954/tools/bin/../lib/gcc/arm-none-eabi/10.3.1/../../../../arm-none-eabi/lib/thumb/v7e-m+fp/hard\libc_nano.a(lib_a-nano-vfprintf.o)
 .rodata._printf_i.str1.1
                0x000000000800ae21       0x22 c:/st/stm32cubeide_1.11.2/stm32cubeide/plugins/com.st.stm32cube.ide.mcu.externaltools.gnu-tools-for-stm32.10.3-2021.10.win32_1.0.100.202210260954/tools/bin/../lib/gcc/arm-none-eabi/10.3.1/../../../../arm-none-eabi/lib/thumb/v7e-m+fp/hard\libc_nano.a(lib_a-nano-vfprintf_i.o)
                0x000000000800ae44                . = ALIGN (0x4)
 *fill*         0x000000000800ae43        0x1 

.ARM.extab      0x000000000800ae44        0x0
                0x000000000800ae44                . = ALIGN (0x4)
 *(.ARM.extab* .gnu.linkonce.armextab.*)
                0x000000000800ae44                . = ALIGN (0x4)

.ARM            0x000000000800ae44        0x8
                0x000000000800ae44                . = ALIGN (0x4)
                0x000000000800ae44                __exidx_start = .
 *(.ARM.exidx*)
 .ARM.exidx     0x000000000800ae44        0x8 c:/st/stm32cubeide_1.11.2/stm32cubeide/plugins/com.st.stm32cube.ide.mcu.externaltools.gnu-tools-for-stm32.10.3-2021.10.win32_1.0.100.202210260954/tools/bin/../lib/gcc/arm-none-eabi/10.3.1/thumb/v7e-m+fp/hard\libgcc.a(_udivmoddi4.o)
                0x000000000800ae4c                __exidx_end = .
                0x000000000800ae4c                . = ALIGN (0x4)

.rel.dyn        0x000000000800ae4c        0x0
 .rel.iplt      0x000000000800ae4c        0x0 c:/st/stm32cubeide_1.11.2/stm32cubeide/plugins/com.st.stm32cube.ide.mcu.externaltools.gnu-tools-for-stm32.10.3-2021.10.win32_1.0.100.202210260954/tools/bin/../lib/gcc/arm-none-eabi/10.3.1/thumb/v7e-m+fp/hard/crtbegin.o

.preinit_array  0x000000000800ae4c        0x0
                0x000000000800ae4c                . = ALIGN (0x4)
                0x000000000800ae4c                PROVIDE (__preinit_array_start = .)
 *(.preinit_array*)
                0x000000000800ae4c                PROVIDE (__preinit_array_end = .)
                0x000000000800ae4c                . = ALIGN (0x4)

.init_array     0x000000000800ae4c        0x4
                0x000000000800ae4c                . = ALIGN (0x4)
                0x000000000800ae4c                PROVIDE (__init_array_start = .)
 *(SORT_BY_NAME(.init_array.*))
 *(.init_array*)
 .init_array    0x000000000800ae4c        0x4 c:/st/stm32cubeide_1.11.2/stm32cubeide/plugins/com.st.stm32cube.ide.mcu.externaltools.gnu-tools-for-stm32.10.3-2021.10.win32_1.0.100.202210260954/tools/bin/../lib/gcc/arm-none-eabi/10.3.1/thumb/v7e-m+fp/hard/crtbegin.o
                0x000000000800ae50                PROVIDE (__init_array_end = .)
                0x000000000800ae50                . = ALIGN (0x4)

.fini_array     0x000000000800ae50        0x4
                0x000000000800ae50                . = ALIGN (0x4)
                [!provide]                        PROVIDE (__fini_array_start = .)
 *(SORT_BY_NAME(.fini_array.*))
 *(.fini_array*)
 .fini_array    0x000000000800ae50        0x4 c:/st/stm32cubeide_1.11.2/stm32cubeide/plugins/com.st.stm32cube.ide.mcu.externaltools.gnu-tools-for-stm32.10.3-2021.10.win32_1.0.100.202210260954/tools/bin/../lib/gcc/arm-none-eabi/10.3.1/thumb/v7e-m+fp/hard/crtbegin.o
                [!provide]                        PROVIDE (__fini_array_end = .)
                0x000000000800ae54                . = ALIGN (0x4)
                0x000000000800ae54                _sidata = LOADADDR (.data)

.data           0x0000000020000000       0x8c load address 0x000000000800ae54
                0x0000000020000000                . = ALIGN (0x4)
                0x0000000020000000                _sdata = .
 *(.data)
 *(.data*)
 .data.BufferSize
                0x0000000020000000        0x2 ./Core/Src/app_template.o
                0x0000000020000000                BufferSize
 *fill*         0x0000000020000002        0x2 
 .data.SystemCoreClock
                0x0000000020000004        0x4 ./Core/Src/system_stm32l4xx.o
                0x0000000020000004                SystemCoreClock
 .data.uwTickPrio
                0x0000000020000008        0x4 ./Drivers/STM32L4xx_HAL_Driver/Src/stm32l4xx_hal.o
                0x0000000020000008                uwTickPrio
 .data.uwTickFreq
                0x000000002000000c        0x1 ./Drivers/STM32L4xx_HAL_Driver/Src/stm32l4xx_hal.o
                0x000000002000000c                uwTickFreq
 *fill*         0x000000002000000d        0x3 
 .data.DioIrq   0x0000000020000010       0x18 ./Radio/sx1276/sx1276.o
                0x0000000020000010                DioIrq
 .data._impure_ptr
                0x0000000020000028        0x4 c:/st/stm32cubeide_1.11.2/stm32cubeide/plugins/com.st.stm32cube.ide.mcu.externaltools.gnu-tools-for-stm32.10.3-2021.10.win32_1.0.100.202210260954/tools/bin/../lib/gcc/arm-none-eabi/10.3.1/../../../../arm-none-eabi/lib/thumb/v7e-m+fp/hard\libc_nano.a(lib_a-impure.o)
                0x0000000020000028                _impure_ptr
 .data.impure_data
                0x000000002000002c       0x60 c:/st/stm32cubeide_1.11.2/stm32cubeide/plugins/com.st.stm32cube.ide.mcu.externaltools.gnu-tools-for-stm32.10.3-2021.10.win32_1.0.100.202210260954/tools/bin/../lib/gcc/arm-none-eabi/10.3.1/../../../../arm-none-eabi/lib/thumb/v7e-m+fp/hard\libc_nano.a(lib_a-impure.o)
 *(.RamFunc)
 *(.RamFunc*)
                0x000000002000008c                . = ALIGN (0x4)
                0x000000002000008c                _edata = .

.igot.plt       0x000000002000008c        0x0 load address 0x000000000800aee0
 .igot.plt      0x000000002000008c        0x0 c:/st/stm32cubeide_1.11.2/stm32cubeide/plugins/com.st.stm32cube.ide.mcu.externaltools.gnu-tools-for-stm32.10.3-2021.10.win32_1.0.100.202210260954/tools/bin/../lib/gcc/arm-none-eabi/10.3.1/thumb/v7e-m+fp/hard/crtbegin.o
                0x000000002000008c                . = ALIGN (0x4)

.bss            0x000000002000008c      0xbe8 load address 0x000000000800aee0
                0x000000002000008c                _sbss = .
                0x000000002000008c                __bss_start__ = _sbss
 *(.bss)
 .bss           0x000000002000008c       0x1c c:/st/stm32cubeide_1.11.2/stm32cubeide/plugins/com.st.stm32cube.ide.mcu.externaltools.gnu-tools-for-stm32.10.3-2021.10.win32_1.0.100.202210260954/tools/bin/../lib/gcc/arm-none-eabi/10.3.1/thumb/v7e-m+fp/hard/crtbegin.o
 *(.bss*)
 .bss.State     0x00000000200000a8        0x1 ./Core/Src/app_template.o
                0x00000000200000a8                State
 .bss.RssiValue
                0x00000000200000a9        0x1 ./Core/Src/app_template.o
                0x00000000200000a9                RssiValue
 .bss.SnrValue  0x00000000200000aa        0x1 ./Core/Src/app_template.o
                0x00000000200000aa                SnrValue
 *fill*         0x00000000200000ab        0x1 
 .bss.Buffer    0x00000000200000ac      0x3e8 ./Core/Src/app_template.o
                0x00000000200000ac                Buffer
 .bss.trx_events_cnt
                0x0000000020000494       0x14 ./Core/Src/app_template.o
                0x0000000020000494                trx_events_cnt
 .bss.RadioEvents
                0x00000000200004a8       0x1c ./Core/Src/app_template.o
 .bss.hrtc      0x00000000200004c4       0x24 ./Core/Src/main.o
                0x00000000200004c4                hrtc
 .bss.hspi1     0x00000000200004e8       0x64 ./Core/Src/main.o
                0x00000000200004e8                hspi1
 .bss.huart2    0x000000002000054c       0x84 ./Core/Src/main.o
                0x000000002000054c                huart2
 .bss.line_buffer
                0x00000000200005d0      0x321 ./Core/Src/main.o
 *fill*         0x00000000200008f1        0x3 
 .bss.line_length
                0x00000000200008f4        0x4 ./Core/Src/main.o
 .bss.__sbrk_heap_end
                0x00000000200008f8        0x4 ./Core/Src/sysmem.o
 .bss.uwTick    0x00000000200008fc        0x4 ./Drivers/STM32L4xx_HAL_Driver/Src/stm32l4xx_hal.o
                0x00000000200008fc                uwTick
 .bss.Led2      0x0000000020000900        0xc ./Radio/board.o
                0x0000000020000900                Led2
 .bss.Led3      0x000000002000090c        0xc ./Radio/board.o
                0x000000002000090c                Led3
 .bss.Led4      0x0000000020000918        0xc ./Radio/board.o
                0x0000000020000918                Led4
 .bss.McuInitialized
                0x0000000020000924        0x1 ./Radio/board.o
 *fill*         0x0000000020000925        0x3 
 .bss.GpioIrq   0x0000000020000928       0x40 ./Radio/gpio-board.o
 .bss.Century   0x0000000020000968        0x2 ./Radio/rtc-board.o
 .bss.CallendarRollOverReady
                0x000000002000096a        0x1 ./Radio/rtc-board.o
 .bss.NonScheduledWakeUp
                0x000000002000096b        0x1 ./Radio/rtc-board.o
                0x000000002000096b                NonScheduledWakeUp
 .bss.RtcCalendarContext
                0x000000002000096c       0x1c ./Radio/rtc-board.o
                0x000000002000096c                RtcCalendarContext
 .bss.RtcTimerEventAllowsLowPower
                0x0000000020000988        0x1 ./Radio/rtc-board.o
 .bss.LowPowerDisableDuringTask
                0x0000000020000989        0x1 ./Radio/rtc-board.o
 *fill*         0x000000002000098a        0x2 
 .bss.RtcHandle
                0x000000002000098c       0x24 ./Radio/rtc-board.o
                0x000000002000098c                RtcHandle
 .bss.RtcInitalized
                0x00000000200009b0        0x1 ./Radio/rtc-board.o
 .bss.WakeUpTimeInitialized
                0x00000000200009b1        0x1 ./Radio/rtc-board.o
 *fill*         0x00000000200009b2        0x2 
 .bss.McuWakeUpTime
                0x00000000200009b4        0x4 ./Radio/rtc-board.o
                0x00000000200009b4                McuWakeUpTime
 .bss.TimeoutValueError
                0x00000000200009b8        0x4 ./Radio/rtc-board.o
 .bss.RadioIsActive
                0x00000000200009bc        0x1 ./Radio/sx1276-board.o
 *fill*         0x00000000200009bd        0x3 
 .bss.AntRx     0x00000000200009c0        0xc ./Radio/sx1276-board.o
                0x00000000200009c0                AntRx
 .bss.AntTx     0x00000000200009cc        0xc ./Radio/sx1276-board.o
                0x00000000200009cc                AntTx
 .bss.HasLoopedThroughMain
                0x00000000200009d8        0x1 ./Radio/timer.o
                0x00000000200009d8                HasLoopedThroughMain
 *fill*         0x00000000200009d9        0x3 
 .bss.TimerListHead
                0x00000000200009dc        0x4 ./Radio/timer.o
 .bss.RadioEvents
                0x00000000200009e0        0x4 ./Radio/sx1276/sx1276.o
 .bss.RxTxBuffer
                0x00000000200009e4      0x100 ./Radio/sx1276/sx1276.o
 .bss.SX1276    0x0000000020000ae4      0x144 ./Radio/sx1276/sx1276.o
                0x0000000020000ae4                SX1276
 .bss.TxTimeoutTimer
                0x0000000020000c28       0x14 ./Radio/sx1276/sx1276.o
                0x0000000020000c28                TxTimeoutTimer
 .bss.RxTimeoutTimer
                0x0000000020000c3c       0x14 ./Radio/sx1276/sx1276.o
                0x0000000020000c3c                RxTimeoutTimer
 .bss.RxTimeoutSyncWord
                0x0000000020000c50       0x14 ./Radio/sx1276/sx1276.o
                0x0000000020000c50                RxTimeoutSyncWord
 .bss.__lock___malloc_recursive_mutex
                0x0000000020000c64        0x1 c:/st/stm32cubeide_1.11.2/stm32cubeide/plugins/com.st.stm32cube.ide.mcu.externaltools.gnu-tools-for-stm32.10.3-2021.10.win32_1.0.100.202210260954/tools/bin/../lib/gcc/arm-none-eabi/10.3.1/../../../../arm-none-eabi/lib/thumb/v7e-m+fp/hard\libc_nano.a(lib_a-lock.o)
                0x0000000020000c64                __lock___malloc_recursive_mutex
 .bss.__lock___sfp_recursive_mutex
                0x0000000020000c65        0x1 c:/st/stm32cubeide_1.11.2/stm32cubeide/plugins/com.st.stm32cube.ide.mcu.externaltools.gnu-tools-for-stm32.10.3-2021.10.win32_1.0.100.202210260954/tools/bin/../lib/gcc/arm-none-eabi/10.3.1/../../../../arm-none-eabi/lib/thumb/v7e-m+fp/hard\libc_nano.a(lib_a-lock.o)
                0x0000000020000c65                __lock___sfp_recursive_mutex
 .bss.__lock___sinit_recursive_mutex
                0x0000000020000c66        0x1 c:/st/stm32cubeide_1.11.2/stm32cubeide/plugins/com.st.stm32cube.ide.mcu.externaltools.gnu-tools-for-stm32.10.3-2021.10.win32_1.0.100.202210260954/tools/bin/../lib/gcc/arm-none-eabi/10.3.1/../../../../arm-none-eabi/lib/thumb/v7e-m+fp/hard\libc_nano.a(lib_a-lock.o)
                0x0000000020000c66                __lock___sinit_recursive_mutex
 *fill*         0x0000000020000c67        0x1 
 .bss.__malloc_free_list
                0x0000000020000c68        0x4 c:/st/stm32cubeide_1.11.2/stm32cubeide/plugins/com.st.stm32cube.ide.mcu.externaltools.gnu-tools-for-stm32.10.3-2021.10.win32_1.0.100.202210260954/tools/bin/../lib/gcc/arm-none-eabi/10.3.1/../../../../arm-none-eabi/lib/thumb/v7e-m+fp/hard\libc_nano.a(lib_a-nano-mallocr.o)
                0x0000000020000c68                __malloc_free_list
 .bss.__malloc_sbrk_start
                0x0000000020000c6c        0x4 c:/st/stm32cubeide_1.11.2/stm32cubeide/plugins/com.st.stm32cube.ide.mcu.externaltools.gnu-tools-for-stm32.10.3-2021.10.win32_1.0.100.202210260954/tools/bin/../lib/gcc/arm-none-eabi/10.3.1/../../../../arm-none-eabi/lib/thumb/v7e-m+fp/hard\libc_nano.a(lib_a-nano-mallocr.o)
                0x0000000020000c6c                __malloc_sbrk_start
 .bss.errno     0x0000000020000c70        0x4 c:/st/stm32cubeide_1.11.2/stm32cubeide/plugins/com.st.stm32cube.ide.mcu.externaltools.gnu-tools-for-stm32.10.3-2021.10.win32_1.0.100.202210260954/tools/bin/../lib/gcc/arm-none-eabi/10.3.1/../../../../arm-none-eabi/lib/thumb/v7e-m+fp/hard\libc_nano.a(lib_a-reent.o)
                0x0000000020000c70                errno
 *(COMMON)
                0x0000000020000c74                . = ALIGN (0x4)
                0x0000000020000c74                _ebss = .
                0x0000000020000c74                __bss_end__ = _ebss

._user_heap_stack
                0x0000000020000c74      0x604 load address 0x000000000800aee0
                0x0000000020000c78                . = ALIGN (0x8)
 *fill*         0x0000000020000c74        0x4 
                [!provide]                        PROVIDE (end = .)
                0x0000000020000c78                PROVIDE (_end = .)
                0x0000000020000e78                . = (. + _Min_Heap_Size)
 *fill*         0x0000000020000c78      0x200 
                0x0000000020001278                . = (. + _Min_Stack_Size)
 *fill*         0x0000000020000e78      0x400 
                0x0000000020001278                . = ALIGN (0x8)

/DISCARD/
 libc.a(*)
 libm.a(*)
 libgcc.a(*)

.ARM.attributes
                0x0000000000000000       0x30
 *(.ARM.attributes)
 .ARM.attributes
                0x0000000000000000       0x1e c:/st/stm32cubeide_1.11.2/stm32cubeide/plugins/com.st.stm32cube.ide.mcu.externaltools.gnu-tools-for-stm32.10.3-2021.10.win32_1.0.100.202210260954/tools/bin/../lib/gcc/arm-none-eabi/10.3.1/thumb/v7e-m+fp/hard/crti.o
 .ARM.attributes
                0x000000000000001e       0x34 c:/st/stm32cubeide_1.11.2/stm32cubeide/plugins/com.st.stm32cube.ide.mcu.externaltools.gnu-tools-for-stm32.10.3-2021.10.win32_1.0.100.202210260954/tools/bin/../lib/gcc/arm-none-eabi/10.3.1/thumb/v7e-m+fp/hard/crtbegin.o
 .ARM.attributes
                0x0000000000000052       0x34 ./Core/Src/app_template.o
 .ARM.attributes
                0x0000000000000086       0x34 ./Core/Src/main.o
 .ARM.attributes
                0x00000000000000ba       0x34 ./Core/Src/stm32l4xx_hal_msp.o
 .ARM.attributes
                0x00000000000000ee       0x34 ./Core/Src/stm32l4xx_it.o
 .ARM.attributes
                0x0000000000000122       0x34 ./Core/Src/syscalls.o
 .ARM.attributes
                0x0000000000000156       0x34 ./Core/Src/sysmem.o
 .ARM.attributes
                0x000000000000018a       0x34 ./Core/Src/system_stm32l4xx.o
 .ARM.attributes
                0x00000000000001be       0x21 ./Core/Startup/startup_stm32l476rgtx.o
 .ARM.attributes
                0x00000000000001df       0x34 ./Drivers/STM32L4xx_HAL_Driver/Src/stm32l4xx_hal.o
 .ARM.attributes
                0x0000000000000213       0x34 ./Drivers/STM32L4xx_HAL_Driver/Src/stm32l4xx_hal_cortex.o
 .ARM.attributes
                0x0000000000000247       0x34 ./Drivers/STM32L4xx_HAL_Driver/Src/stm32l4xx_hal_gpio.o
 .ARM.attributes
                0x000000000000027b       0x34 ./Drivers/STM32L4xx_HAL_Driver/Src/stm32l4xx_hal_pwr_ex.o
 .ARM.attributes
                0x00000000000002af       0x34 ./Drivers/STM32L4xx_HAL_Driver/Src/stm32l4xx_hal_rcc.o
 .ARM.attributes
                0x00000000000002e3       0x34 ./Drivers/STM32L4xx_HAL_Driver/Src/stm32l4xx_hal_rcc_ex.o
 .ARM.attributes
                0x0000000000000317       0x34 ./Drivers/STM32L4xx_HAL_Driver/Src/stm32l4xx_hal_rtc.o
 .ARM.attributes
                0x000000000000034b       0x34 ./Drivers/STM32L4xx_HAL_Driver/Src/stm32l4xx_hal_rtc_ex.o
 .ARM.attributes
                0x000000000000037f       0x34 ./Drivers/STM32L4xx_HAL_Driver/Src/stm32l4xx_hal_spi.o
 .ARM.attributes
                0x00000000000003b3       0x34 ./Drivers/STM32L4xx_HAL_Driver/Src/stm32l4xx_hal_uart.o
 .ARM.attributes
                0x00000000000003e7       0x34 ./Radio/board.o
 .ARM.attributes
                0x000000000000041b       0x34 ./Radio/delay.o
 .ARM.attributes
                0x000000000000044f       0x34 ./Radio/gpio-board.o
 .ARM.attributes
                0x0000000000000483       0x34 ./Radio/gpio.o
 .ARM.attributes
                0x00000000000004b7       0x34 ./Radio/rtc-board.o
 .ARM.attributes
                0x00000000000004eb       0x34 ./Radio/spi-board.o
 .ARM.attributes
                0x000000000000051f       0x34 ./Radio/sx1276-board.o
 .ARM.attributes
                0x0000000000000553       0x34 ./Radio/timer.o
 .ARM.attributes
                0x0000000000000587       0x34 ./Radio/utilities.o
 .ARM.attributes
                0x00000000000005bb       0x34 ./Radio/sx1276/sx1276.o
 .ARM.attributes
                0x00000000000005ef       0x34 c:/st/stm32cubeide_1.11.2/stm32cubeide/plugins/com.st.stm32cube.ide.mcu.externaltools.gnu-tools-for-stm32.10.3-2021.10.win32_1.0.100.202210260954/tools/bin/../lib/gcc/arm-none-eabi/10.3.1/../../../../arm-none-eabi/lib/thumb/v7e-m+fp/hard\libc_nano.a(lib_a-errno.o)
 .ARM.attributes
                0x0000000000000623       0x34 c:/st/stm32cubeide_1.11.2/stm32cubeide/plugins/com.st.stm32cube.ide.mcu.externaltools.gnu-tools-for-stm32.10.3-2021.10.win32_1.0.100.202210260954/tools/bin/../lib/gcc/arm-none-eabi/10.3.1/../../../../arm-none-eabi/lib/thumb/v7e-m+fp/hard\libc_nano.a(lib_a-impure.o)
 .ARM.attributes
                0x0000000000000657       0x34 c:/st/stm32cubeide_1.11.2/stm32cubeide/plugins/com.st.stm32cube.ide.mcu.externaltools.gnu-tools-for-stm32.10.3-2021.10.win32_1.0.100.202210260954/tools/bin/../lib/gcc/arm-none-eabi/10.3.1/../../../../arm-none-eabi/lib/thumb/v7e-m+fp/hard\libc_nano.a(lib_a-init.o)
 .ARM.attributes
                0x000000000000068b       0x34 c:/st/stm32cubeide_1.11.2/stm32cubeide/plugins/com.st.stm32cube.ide.mcu.externaltools.gnu-tools-for-stm32.10.3-2021.10.win32_1.0.100.202210260954/tools/bin/../lib/gcc/arm-none-eabi/10.3.1/../../../../arm-none-eabi/lib/thumb/v7e-m+fp/hard\libc_nano.a(lib_a-memcpy-stub.o)
 .ARM.attributes
                0x00000000000006bf       0x34 c:/st/stm32cubeide_1.11.2/stm32cubeide/plugins/com.st.stm32cube.ide.mcu.externaltools.gnu-tools-for-stm32.10.3-2021.10.win32_1.0.100.202210260954/tools/bin/../lib/gcc/arm-none-eabi/10.3.1/../../../../arm-none-eabi/lib/thumb/v7e-m+fp/hard\libc_nano.a(lib_a-memset.o)
 .ARM.attributes
                0x00000000000006f3       0x34 c:/st/stm32cubeide_1.11.2/stm32cubeide/plugins/com.st.stm32cube.ide.mcu.externaltools.gnu-tools-for-stm32.10.3-2021.10.win32_1.0.100.202210260954/tools/bin/../lib/gcc/arm-none-eabi/10.3.1/../../../../arm-none-eabi/lib/thumb/v7e-m+fp/hard\libc_nano.a(lib_a-printf.o)
 .ARM.attributes
                0x0000000000000727       0x34 c:/st/stm32cubeide_1.11.2/stm32cubeide/plugins/com.st.stm32cube.ide.mcu.externaltools.gnu-tools-for-stm32.10.3-2021.10.win32_1.0.100.202210260954/tools/bin/../lib/gcc/arm-none-eabi/10.3.1/../../../../arm-none-eabi/lib/thumb/v7e-m+fp/hard\libc_nano.a(lib_a-wbuf.o)
 .ARM.attributes
                0x000000000000075b       0x34 c:/st/stm32cubeide_1.11.2/stm32cubeide/plugins/com.st.stm32cube.ide.mcu.externaltools.gnu-tools-for-stm32.10.3-2021.10.win32_1.0.100.202210260954/tools/bin/../lib/gcc/arm-none-eabi/10.3.1/../../../../arm-none-eabi/lib/thumb/v7e-m+fp/hard\libc_nano.a(lib_a-wsetup.o)
 .ARM.attributes
                0x000000000000078f       0x34 c:/st/stm32cubeide_1.11.2/stm32cubeide/plugins/com.st.stm32cube.ide.mcu.externaltools.gnu-tools-for-stm32.10.3-2021.10.win32_1.0.100.202210260954/tools/bin/../lib/gcc/arm-none-eabi/10.3.1/../../../../arm-none-eabi/lib/thumb/v7e-m+fp/hard\libc_nano.a(lib_a-fflush.o)
 .ARM.attributes
                0x00000000000007c3       0x34 c:/st/stm32cubeide_1.11.2/stm32cubeide/plugins/com.st.stm32cube.ide.mcu.externaltools.gnu-tools-for-stm32.10.3-2021.10.win32_1.0.100.202210260954/tools/bin/../lib/gcc/arm-none-eabi/10.3.1/../../../../arm-none-eabi/lib/thumb/v7e-m+fp/hard\libc_nano.a(lib_a-findfp.o)
 .ARM.attributes
                0x00000000000007f7       0x34 c:/st/stm32cubeide_1.11.2/stm32cubeide/plugins/com.st.stm32cube.ide.mcu.externaltools.gnu-tools-for-stm32.10.3-2021.10.win32_1.0.100.202210260954/tools/bin/../lib/gcc/arm-none-eabi/10.3.1/../../../../arm-none-eabi/lib/thumb/v7e-m+fp/hard\libc_nano.a(lib_a-fwalk.o)
 .ARM.attributes
                0x000000000000082b       0x34 c:/st/stm32cubeide_1.11.2/stm32cubeide/plugins/com.st.stm32cube.ide.mcu.externaltools.gnu-tools-for-stm32.10.3-2021.10.win32_1.0.100.202210260954/tools/bin/../lib/gcc/arm-none-eabi/10.3.1/../../../../arm-none-eabi/lib/thumb/v7e-m+fp/hard\libc_nano.a(lib_a-lock.o)
 .ARM.attributes
                0x000000000000085f       0x34 c:/st/stm32cubeide_1.11.2/stm32cubeide/plugins/com.st.stm32cube.ide.mcu.externaltools.gnu-tools-for-stm32.10.3-2021.10.win32_1.0.100.202210260954/tools/bin/../lib/gcc/arm-none-eabi/10.3.1/../../../../arm-none-eabi/lib/thumb/v7e-m+fp/hard\libc_nano.a(lib_a-makebuf.o)
 .ARM.attributes
                0x0000000000000893       0x34 c:/st/stm32cubeide_1.11.2/stm32cubeide/plugins/com.st.stm32cube.ide.mcu.externaltools.gnu-tools-for-stm32.10.3-2021.10.win32_1.0.100.202210260954/tools/bin/../lib/gcc/arm-none-eabi/10.3.1/../../../../arm-none-eabi/lib/thumb/v7e-m+fp/hard\libc_nano.a(lib_a-nano-freer.o)
 .ARM.attributes